#==[ Log File ]=====================================#
# /var/log/warn - Last 500 Lines
2015-09-03T15:15:39.887856-06:00 linux kernel: [    0.000000] Built 2 zonelists in Node order, mobility grouping on.  Total pages: 43305440
2015-09-03T15:15:39.887858-06:00 linux kernel: [    0.000000] Policy zone: Normal
2015-09-03T15:15:39.887870-06:00 linux kernel: [    0.000000] Memory: 172808096K/175631264K available (5302K kernel code, 1261K rwdata, 4168K rodata, 1936K init, 2488K bss, 2823168K reserved)
2015-09-03T15:15:39.888055-06:00 linux kernel: [    0.119537] ACPI: All ACPI Tables successfully acquired
2015-09-03T15:15:39.888221-06:00 linux kernel: [    1.149900] ACPI: Dynamic OEM Table Load:
2015-09-03T15:15:39.888223-06:00 linux kernel: [    1.149903] ACPI: PRAD 0x0000000000000000 00102 (v02 INTEL  SpsPrAgg 00000002 INTL 20130328)
2015-09-03T15:15:39.888229-06:00 linux kernel: [    1.152207] ACPI Exception: AE_NOT_FOUND, While evaluating Sleep State [\_S1_] (20130725/hwxface-571)
2015-09-03T15:15:39.888232-06:00 linux kernel: [    1.152211] ACPI Exception: AE_NOT_FOUND, While evaluating Sleep State [\_S2_] (20130725/hwxface-571)
2015-09-03T15:15:39.888235-06:00 linux kernel: [    1.152213] ACPI Exception: AE_NOT_FOUND, While evaluating Sleep State [\_S3_] (20130725/hwxface-571)
2015-09-03T15:15:39.888238-06:00 linux kernel: [    1.152216] ACPI Exception: AE_NOT_FOUND, While evaluating Sleep State [\_S4_] (20130725/hwxface-571)
2015-09-03T15:15:39.888261-06:00 linux kernel: [    1.611631] irq 9: nobody cared (try booting with the "irqpoll" option)
2015-09-03T15:15:39.888263-06:00 linux kernel: [    1.611637] CPU: 0 PID: 0 Comm: swapper/0 Not tainted 3.12.46-2-default #1
2015-09-03T15:15:39.888266-06:00 linux kernel: [    1.611638] Hardware name: IBM IBM Flex System x240 M5 -[9532AC1]-/-[9532AC1]-, BIOS -[C4E103GUS-1.02]- 02/12/2015
2015-09-03T15:15:39.888272-06:00 linux kernel: [    1.611640]  ffff88127f431a0c ffffffff8151b874 ffff88127f431980 ffffffff810b2d9d
2015-09-03T15:15:39.888274-06:00 linux kernel: [    1.611644]  ffff88127f431980 0000000000000009 0000000000000000 ffffffff810b3205
2015-09-03T15:15:39.888288-06:00 linux kernel: [    1.611648]  0000000000000000 0000000000000000 0000000000000009 0000000000000000
2015-09-03T15:15:39.888291-06:00 linux kernel: [    1.611652] Call Trace:
2015-09-03T15:15:39.888293-06:00 linux kernel: [    1.611665]  [<ffffffff8100471d>] dump_trace+0x7d/0x2d0
2015-09-03T15:15:39.888295-06:00 linux kernel: [    1.611669]  [<ffffffff81004a04>] show_stack_log_lvl+0x94/0x170
2015-09-03T15:15:39.888297-06:00 linux kernel: [    1.611672]  [<ffffffff81005d81>] show_stack+0x21/0x50
2015-09-03T15:15:39.888304-06:00 linux kernel: [    1.611677]  [<ffffffff8151b874>] dump_stack+0x41/0x51
2015-09-03T15:15:39.888305-06:00 linux kernel: [    1.611684]  [<ffffffff810b2d9d>] __report_bad_irq+0x2d/0xc0
2015-09-03T15:15:39.888308-06:00 linux kernel: [    1.611688]  [<ffffffff810b3205>] note_interrupt+0x1a5/0x260
2015-09-03T15:15:39.888310-06:00 linux kernel: [    1.611693]  [<ffffffff810b0d19>] handle_irq_event_percpu+0xc9/0x1b0
2015-09-03T15:15:39.888313-06:00 linux kernel: [    1.611697]  [<ffffffff810b0e32>] handle_irq_event+0x32/0x50
2015-09-03T15:15:39.888315-06:00 linux kernel: [    1.611701]  [<ffffffff810b3cd1>] handle_fasteoi_irq+0x51/0xf0
2015-09-03T15:15:39.888321-06:00 linux kernel: [    1.611704]  [<ffffffff810045fa>] handle_irq+0x1a/0x30
2015-09-03T15:15:39.888322-06:00 linux kernel: [    1.611708]  [<ffffffff8152b945>] do_IRQ+0x45/0xb0
2015-09-03T15:15:39.888325-06:00 linux kernel: [    1.611713]  [<ffffffff81521d6d>] common_interrupt+0x6d/0x6d
2015-09-03T15:15:39.888326-06:00 linux kernel: [    1.611720]  [<ffffffff8100b5a4>] mwait_idle+0x64/0x80
2015-09-03T15:15:39.888488-06:00 linux kernel: [    1.611724]  [<ffffffff810b01b1>] cpu_startup_entry+0xe1/0x270
2015-09-03T15:15:39.888490-06:00 linux kernel: [    1.611730]  [<ffffffff81d50ea1>] start_kernel+0x43e/0x449
2015-09-03T15:15:39.888491-06:00 linux kernel: [    1.611734]  [<ffffffff81d506a3>] x86_64_start_kernel+0x10c/0x11b
2015-09-03T15:15:39.888495-06:00 linux kernel: [    1.611736] handlers:
2015-09-03T15:15:39.888496-06:00 linux kernel: [    1.611740] [<ffffffff813141d1>] acpi_irq
2015-09-03T15:15:39.888497-06:00 linux kernel: [    1.611742] Disabling IRQ #9
2015-09-03T15:15:39.888871-06:00 linux kernel: [    3.270099] ACPI: Enabled 4 GPEs in block 00 to 3F
2015-09-03T15:15:39.889970-06:00 linux kernel: [    4.146526] Dquot-cache hash table entries: 512 (order 0, 4096 bytes)
2015-09-03T15:15:39.890161-06:00 linux kernel: [    4.153725] ioapic: probe of 0000:00:05.4 failed with error -22
2015-09-03T15:15:39.890162-06:00 linux kernel: [    4.153742] ioapic: probe of 0000:80:05.4 failed with error -22
2015-09-03T15:15:39.890183-06:00 linux kernel: [    9.388058] ERST: Can not request [mem 0x7b3dd000-0x7b3debff] for ERST.
2015-09-03T15:15:39.890183-06:00 linux kernel: [    9.388402] [Firmware Warn]: GHES: Poll interval is 0 for generic hardware error source: 4, disabled.
2015-09-03T15:15:39.890237-06:00 linux kernel: [   10.554016] i8042: No controller found
2015-09-03T15:15:39.890392-06:00 linux kernel: [   10.562334] X.509: Cert for 'IBM UEFI DB' must have a SubjKeyId extension
2015-09-03T15:15:39.890394-06:00 linux kernel: [   10.562336] EFI: Problem loading in-kernel X.509 certificate (-129)
2015-09-03T15:15:39.891471-06:00 linux kernel: [   14.301203] mei_me 0000:00:16.0: initialization failed.
2015-09-03T15:15:39.953521-06:00 linux wickedd[5027]: eth1: unknown port setting 255
2015-09-03T15:15:39.953851-06:00 linux wickedd-auto4[4987]: eth1: unknown port setting 255
2015-09-03T15:15:39.954118-06:00 linux wickedd-dhcp6[4990]: eth1: unknown port setting 255
2015-09-03T15:15:39.954369-06:00 linux wickedd-dhcp4[4991]: eth1: unknown port setting 255
2015-09-03T15:15:39.955067-06:00 linux wickedd[5027]: eth1: unknown port setting 255
2015-09-03T15:15:39.955291-06:00 linux wickedd-dhcp6[4990]: eth1: unknown port setting 255
2015-09-03T15:15:39.955483-06:00 linux wickedd-auto4[4987]: eth1: unknown port setting 255
2015-09-03T15:15:39.956750-06:00 linux wickedd-auto4[4987]: eth1: unknown port setting 255
2015-09-03T15:15:39.957274-06:00 linux wickedd-dhcp6[4990]: eth1: unknown port setting 255
2015-09-03T15:15:39.957492-06:00 linux wickedd[5027]: eth1: unknown port setting 255
2015-09-03T15:15:39.957813-06:00 linux wickedd-dhcp4[4991]: eth1: unknown port setting 255
2015-09-03T15:15:39.958343-06:00 linux wickedd-dhcp4[4991]: eth1: unknown port setting 255
2015-09-03T15:15:39.967855-06:00 linux wicked: eth1: unknown port setting 255
2015-09-03T15:15:40.597742-06:00 linux wicked: eth1: unknown port setting 255
2015-09-03T15:15:40.797725-06:00 linux avahi-daemon[4982]: Host name conflict, retrying with linux-2
2015-09-03T15:15:40.846372-06:00 linux wickedd-auto4[4987]: eth0: unknown port setting 255
2015-09-03T15:15:40.846884-06:00 linux wickedd[5027]: eth0: unknown port setting 255
2015-09-03T15:15:40.847891-06:00 linux wickedd-dhcp6[4990]: eth0: unknown port setting 255
2015-09-03T15:15:40.848129-06:00 linux wickedd-auto4[4987]: eth0: unknown port setting 255
2015-09-03T15:15:40.848917-06:00 linux wickedd[5027]: eth0: unknown port setting 255
2015-09-03T15:15:40.849149-06:00 linux wickedd-dhcp6[4990]: eth0: unknown port setting 255
2015-09-03T15:15:40.849357-06:00 linux wickedd-dhcp4[4991]: eth0: unknown port setting 255
2015-09-03T15:15:40.850174-06:00 linux wickedd-dhcp4[4991]: eth0: unknown port setting 255
2015-09-03T15:15:40.860763-06:00 linux wicked: eth0: unknown port setting 255
2015-09-03T15:15:40.861390-06:00 linux wicked: eth1: unknown port setting 255
2015-09-03T15:15:40.949703-06:00 linux wicked: eth0: unknown port setting 255
2015-09-03T15:15:40.950211-06:00 linux wickedd-auto4[4987]: eth0: unknown port setting 255
2015-09-03T15:15:40.950441-06:00 linux wickedd-dhcp6[4990]: eth0: unknown port setting 255
2015-09-03T15:15:40.950654-06:00 linux wickedd-dhcp4[4991]: eth0: unknown port setting 255
2015-09-03T15:15:41.492458-06:00 linux wicked: eth0: unknown port setting 255
2015-09-03T15:15:41.493028-06:00 linux wicked: eth1: unknown port setting 255
2015-09-03T15:15:41.742945-06:00 linux wickedd[5027]: eth0: unknown port setting 255
2015-09-03T15:15:43.780537-06:00 linux kernel: [   23.962295] pciehp 0000:80:01.0:pcie04: Power fault on slot 4
2015-09-03T15:15:49.004477-06:00 linux /usr/sbin/irqbalance: irq 146 affinity_hint subset empty
2015-09-03T15:15:49.004866-06:00 linux /usr/sbin/irqbalance: irq 147 affinity_hint subset empty
2015-09-03T15:15:49.005133-06:00 linux /usr/sbin/irqbalance: irq 148 affinity_hint subset empty
2015-09-03T15:15:49.005373-06:00 linux /usr/sbin/irqbalance: irq 149 affinity_hint subset empty
2015-09-03T15:15:49.005586-06:00 linux /usr/sbin/irqbalance: irq 150 affinity_hint subset empty
2015-09-03T15:15:49.005793-06:00 linux /usr/sbin/irqbalance: irq 151 affinity_hint subset empty
2015-09-03T15:15:49.006000-06:00 linux /usr/sbin/irqbalance: irq 152 affinity_hint subset empty
2015-09-03T15:15:49.006205-06:00 linux /usr/sbin/irqbalance: irq 153 affinity_hint subset empty
2015-09-03T15:15:49.006435-06:00 linux /usr/sbin/irqbalance: irq 154 affinity_hint subset empty
2015-09-03T15:15:49.006644-06:00 linux /usr/sbin/irqbalance: irq 155 affinity_hint subset empty
2015-09-03T15:15:49.006857-06:00 linux /usr/sbin/irqbalance: irq 156 affinity_hint subset empty
2015-09-03T15:15:49.007059-06:00 linux /usr/sbin/irqbalance: irq 157 affinity_hint subset empty
2015-09-03T15:15:49.007264-06:00 linux /usr/sbin/irqbalance: irq 170 affinity_hint subset empty
2015-09-03T15:15:49.007462-06:00 linux /usr/sbin/irqbalance: irq 171 affinity_hint subset empty
2015-09-03T15:15:49.007674-06:00 linux /usr/sbin/irqbalance: irq 172 affinity_hint subset empty
2015-09-03T15:15:49.007879-06:00 linux /usr/sbin/irqbalance: irq 173 affinity_hint subset empty
2015-09-03T15:15:49.008120-06:00 linux /usr/sbin/irqbalance: irq 174 affinity_hint subset empty
2015-09-03T15:15:49.008335-06:00 linux /usr/sbin/irqbalance: irq 175 affinity_hint subset empty
2015-09-03T15:15:49.008541-06:00 linux /usr/sbin/irqbalance: irq 110 affinity_hint subset empty
2015-09-03T15:15:49.008653-06:00 linux /usr/sbin/irqbalance: irq 111 affinity_hint subset empty
2015-09-03T15:15:49.008985-06:00 linux /usr/sbin/irqbalance: irq 112 affinity_hint subset empty
2015-09-03T15:15:49.009257-06:00 linux /usr/sbin/irqbalance: irq 113 affinity_hint subset empty
2015-09-03T15:15:49.009494-06:00 linux /usr/sbin/irqbalance: irq 114 affinity_hint subset empty
2015-09-03T15:15:49.009708-06:00 linux /usr/sbin/irqbalance: irq 115 affinity_hint subset empty
2015-09-03T15:15:49.009919-06:00 linux /usr/sbin/irqbalance: irq 116 affinity_hint subset empty
2015-09-03T15:15:49.010126-06:00 linux /usr/sbin/irqbalance: irq 117 affinity_hint subset empty
2015-09-03T15:15:49.010329-06:00 linux /usr/sbin/irqbalance: irq 118 affinity_hint subset empty
2015-09-03T15:15:49.010537-06:00 linux /usr/sbin/irqbalance: irq 119 affinity_hint subset empty
2015-09-03T15:15:49.010746-06:00 linux /usr/sbin/irqbalance: irq 120 affinity_hint subset empty
2015-09-03T15:15:49.010948-06:00 linux /usr/sbin/irqbalance: irq 121 affinity_hint subset empty
2015-09-03T15:15:49.011153-06:00 linux /usr/sbin/irqbalance: irq 134 affinity_hint subset empty
2015-09-03T15:15:49.011365-06:00 linux /usr/sbin/irqbalance: irq 135 affinity_hint subset empty
2015-09-03T15:15:49.011589-06:00 linux /usr/sbin/irqbalance: irq 136 affinity_hint subset empty
2015-09-03T15:15:49.011792-06:00 linux /usr/sbin/irqbalance: irq 137 affinity_hint subset empty
2015-09-03T15:15:49.011997-06:00 linux /usr/sbin/irqbalance: irq 138 affinity_hint subset empty
2015-09-03T15:15:49.012226-06:00 linux /usr/sbin/irqbalance: irq 139 affinity_hint subset empty
2015-09-03T15:15:49.012436-06:00 linux /usr/sbin/irqbalance: irq 140 affinity_hint subset empty
2015-09-03T15:15:49.012641-06:00 linux /usr/sbin/irqbalance: irq 141 affinity_hint subset empty
2015-09-03T15:15:49.012842-06:00 linux /usr/sbin/irqbalance: irq 142 affinity_hint subset empty
2015-09-03T15:15:49.013046-06:00 linux /usr/sbin/irqbalance: irq 143 affinity_hint subset empty
2015-09-03T15:15:49.013260-06:00 linux /usr/sbin/irqbalance: irq 144 affinity_hint subset empty
2015-09-03T15:15:49.013468-06:00 linux /usr/sbin/irqbalance: irq 145 affinity_hint subset empty
2015-09-03T15:15:52.471997-06:00 linux rpc.statd[5795]: Flags: TI-RPC
2015-09-03T15:15:52.606125-06:00 linux libvirtd[5824]: Module /usr/lib64/libvirt/connection-driver/libvirt_driver_qemu.so not accessible
2015-09-03T15:15:52.606273-06:00 linux libvirtd[5824]: Module /usr/lib64/libvirt/connection-driver/libvirt_driver_lxc.so not accessible
2015-09-03T15:15:53.386612-06:00 linux org.a11y.Bus[6008]: Activating service name='org.a11y.atspi.Registry'
2015-09-03T15:15:53.391733-06:00 linux org.a11y.Bus[6008]: Successfully activated service 'org.a11y.atspi.Registry'
2015-09-03T15:15:53.392829-06:00 linux org.a11y.atspi.Registry[6015]: Xlib:  extension "XEVIE" missing on display ":0".
2015-09-03T15:24:58.028006-06:00 linux kernel: [  577.032770] audit_printk_skb: 84 callbacks suppressed
2015-09-03T15:24:58.609076-06:00 linux org.a11y.Bus[6204]: Activating service name='org.a11y.atspi.Registry'
2015-09-03T15:24:58.612627-06:00 linux org.a11y.Bus[6204]: Successfully activated service 'org.a11y.atspi.Registry'
2015-09-03T15:24:58.613271-06:00 linux org.a11y.atspi.Registry[6211]: Xlib:  extension "XEVIE" missing on display ":0".
2015-09-03T15:25:00.279276-06:00 linux org.gnome.ControlCenter.SearchProvider[6204]: ** (process:6369): WARNING **: Ignoring broken panel color (missing desktop file)
2015-09-03T15:25:00.280814-06:00 linux org.gnome.ControlCenter.SearchProvider[6204]: ** (process:6369): WARNING **: Ignoring broken panel online-accounts (missing desktop file)
2015-09-03T15:25:00.282943-06:00 linux org.gnome.ControlCenter.SearchProvider[6204]: ** (process:6369): WARNING **: Ignoring broken panel dconf-editor (missing desktop file)
2015-09-03T15:25:00.283254-06:00 linux org.gnome.ControlCenter.SearchProvider[6204]: ** (process:6369): WARNING **: Ignoring broken panel alacarte (missing desktop file)
2015-09-03T15:25:00.283486-06:00 linux org.gnome.ControlCenter.SearchProvider[6204]: ** (process:6369): WARNING **: Ignoring broken panel gpk-prefs (missing desktop file)
2015-09-03T15:25:00.283700-06:00 linux org.gnome.ControlCenter.SearchProvider[6204]: ** (process:6369): WARNING **: Ignoring broken panel tracker-preferences (missing desktop file)
2015-09-03T15:25:00.283932-06:00 linux org.gnome.ControlCenter.SearchProvider[6204]: ** (process:6369): WARNING **: Ignoring broken panel itweb-settings (missing desktop file)
2015-09-03T15:25:00.284165-06:00 linux org.gnome.ControlCenter.SearchProvider[6204]: ** (process:6369): WARNING **: Ignoring broken panel gnome-tweak-tool (missing desktop file)
2015-09-03T15:25:00.284386-06:00 linux org.gnome.ControlCenter.SearchProvider[6204]: ** (process:6369): WARNING **: Ignoring broken panel YaST (missing desktop file)
2015-09-03T15:25:19.774208-06:00 linux libvirtd[5824]: End of file while reading data: Input/output error
2015-09-03T15:25:50.460092-06:00 linux libvirtd[5824]: udev_monitor_receive_device returned NULL
2015-09-03T15:25:50.471020-06:00 linux systemd[6149]: Device dev-disk-by\x2dpartlabel-primary.device appeared twice with different sysfs paths /sys/devices/pci0000:00/0000:00:1c.4/0000:1a:00.0/host0/target0:0:4/0:0:4:0/block/sda/sda1 and /sys/devices/pci0000:80/0000:80:01.1/0000:86:00.0/block/nvme0n1/nvme0n1p2
2015-09-03T15:25:50.476634-06:00 linux systemd[6149]: Device dev-disk-by\x2dpartlabel-primary.device appeared twice with different sysfs paths /sys/devices/pci0000:00/0000:00:1c.4/0000:1a:00.0/host0/target0:0:4/0:0:4:0/block/sda/sda1 and /sys/devices/pci0000:80/0000:80:01.1/0000:86:00.0/block/nvme0n1/nvme0n1p1
2015-09-03T15:25:50.476798-06:00 linux systemd[6002]: Device dev-disk-by\x2dpartlabel-primary.device appeared twice with different sysfs paths /sys/devices/pci0000:00/0000:00:1c.4/0000:1a:00.0/host0/target0:0:4/0:0:4:0/block/sda/sda1 and /sys/devices/pci0000:80/0000:80:01.1/0000:86:00.0/block/nvme0n1/nvme0n1p1
2015-09-03T15:25:50.476933-06:00 linux systemd[1]: Device dev-disk-by\x2dpartlabel-primary.device appeared twice with different sysfs paths /sys/devices/pci0000:80/0000:80:01.1/0000:86:00.0/block/nvme0n1/nvme0n1p2 and /sys/devices/pci0000:80/0000:80:01.1/0000:86:00.0/block/nvme0n1/nvme0n1p1
2015-09-03T15:25:50.479497-06:00 linux systemd[6002]: Device dev-disk-by\x2dpartlabel-primary.device appeared twice with different sysfs paths /sys/devices/pci0000:00/0000:00:1c.4/0000:1a:00.0/host0/target0:0:4/0:0:4:0/block/sda/sda1 and /sys/devices/pci0000:00/0000:00:1c.4/0000:1a:00.0/host0/target0:0:4/0:0:4:0/block/sda/sda3
2015-09-03T15:25:50.479619-06:00 linux systemd[1]: Device dev-disk-by\x2dpartlabel-primary.device appeared twice with different sysfs paths /sys/devices/pci0000:80/0000:80:01.1/0000:86:00.0/block/nvme0n1/nvme0n1p2 and /sys/devices/pci0000:00/0000:00:1c.4/0000:1a:00.0/host0/target0:0:4/0:0:4:0/block/sda/sda3
2015-09-03T15:25:50.479730-06:00 linux systemd[6149]: Device dev-disk-by\x2dpartlabel-primary.device appeared twice with different sysfs paths /sys/devices/pci0000:00/0000:00:1c.4/0000:1a:00.0/host0/target0:0:4/0:0:4:0/block/sda/sda1 and /sys/devices/pci0000:00/0000:00:1c.4/0000:1a:00.0/host0/target0:0:4/0:0:4:0/block/sda/sda3
2015-09-03T15:25:50.498942-06:00 linux systemd[6149]: Device dev-disk-by\x2dpartlabel-linux.device appeared twice with different sysfs paths /sys/devices/pci0000:00/0000:00:1c.4/0000:1a:00.0/host0/target0:0:4/0:0:4:0/block/sda/sda7 and /sys/devices/pci0000:00/0000:00:1c.4/0000:1a:00.0/host0/target0:0:4/0:0:4:0/block/sda/sda4
2015-09-03T15:25:50.499250-06:00 linux systemd[1]: Device dev-disk-by\x2dpartlabel-linux.device appeared twice with different sysfs paths /sys/devices/pci0000:00/0000:00:1c.4/0000:1a:00.0/host0/target0:0:4/0:0:4:0/block/sda/sda5 and /sys/devices/pci0000:00/0000:00:1c.4/0000:1a:00.0/host0/target0:0:4/0:0:4:0/block/sda/sda4
2015-09-03T15:25:50.515916-06:00 linux systemd[6149]: Device dev-disk-by\x2dpartlabel-linux.device appeared twice with different sysfs paths /sys/devices/pci0000:00/0000:00:1c.4/0000:1a:00.0/host0/target0:0:4/0:0:4:0/block/sda/sda7 and /sys/devices/pci0000:00/0000:00:1c.4/0000:1a:00.0/host0/target0:0:4/0:0:4:0/block/sda/sda5
2015-09-03T15:25:50.523782-06:00 linux systemd[1]: Device dev-disk-by\x2dpartlabel-linux.device appeared twice with different sysfs paths /sys/devices/pci0000:00/0000:00:1c.4/0000:1a:00.0/host0/target0:0:4/0:0:4:0/block/sda/sda5 and /sys/devices/pci0000:00/0000:00:1c.4/0000:1a:00.0/host0/target0:0:4/0:0:4:0/block/sda/sda7
2015-09-03T15:25:50.537374-06:00 linux systemd[1]: Device dev-disk-by\x2dpartlabel-primary.device appeared twice with different sysfs paths /sys/devices/pci0000:80/0000:80:01.1/0000:86:00.0/block/nvme0n1/nvme0n1p2 and /sys/devices/pci0000:00/0000:00:1c.4/0000:1a:00.0/host0/target0:0:4/0:0:4:0/block/sda/sda2
2015-09-03T15:25:50.537680-06:00 linux systemd[6002]: Device dev-disk-by\x2dpartlabel-primary.device appeared twice with different sysfs paths /sys/devices/pci0000:00/0000:00:1c.4/0000:1a:00.0/host0/target0:0:4/0:0:4:0/block/sda/sda1 and /sys/devices/pci0000:00/0000:00:1c.4/0000:1a:00.0/host0/target0:0:4/0:0:4:0/block/sda/sda2
2015-09-03T15:25:50.539914-06:00 linux systemd[1]: Device dev-disk-by\x2dpartlabel-linux.device appeared twice with different sysfs paths /sys/devices/pci0000:00/0000:00:1c.4/0000:1a:00.0/host0/target0:0:4/0:0:4:0/block/sda/sda5 and /sys/devices/pci0000:00/0000:00:1c.4/0000:1a:00.0/host0/target0:0:4/0:0:4:0/block/sda/sda6
2015-09-03T15:25:50.540161-06:00 linux systemd[6149]: Device dev-disk-by\x2dpartlabel-linux.device appeared twice with different sysfs paths /sys/devices/pci0000:00/0000:00:1c.4/0000:1a:00.0/host0/target0:0:4/0:0:4:0/block/sda/sda7 and /sys/devices/pci0000:00/0000:00:1c.4/0000:1a:00.0/host0/target0:0:4/0:0:4:0/block/sda/sda6
2015-09-03T15:25:50.540398-06:00 linux systemd[6002]: Device dev-disk-by\x2dpartlabel-linux.device appeared twice with different sysfs paths /sys/devices/pci0000:00/0000:00:1c.4/0000:1a:00.0/host0/target0:0:4/0:0:4:0/block/sda/sda7 and /sys/devices/pci0000:00/0000:00:1c.4/0000:1a:00.0/host0/target0:0:4/0:0:4:0/block/sda/sda6
2015-09-03T15:26:04.394570-06:00 linux wickedd-auto4[4987]: eth0: unknown port setting 255
2015-09-03T15:26:04.394892-06:00 linux wickedd-dhcp6[4990]: eth0: unknown port setting 255
2015-09-03T15:26:04.395135-06:00 linux wickedd-dhcp4[4991]: eth0: unknown port setting 255
2015-09-03T15:26:04.395372-06:00 linux wickedd[5027]: eth0: unknown port setting 255
2015-09-03T15:26:04.408769-06:00 linux wickedd-dhcp4[4991]: eth1: unknown port setting 255
2015-09-03T15:26:04.409068-06:00 linux wickedd-auto4[4987]: eth1: unknown port setting 255
2015-09-03T15:26:04.409297-06:00 linux wickedd-dhcp6[4990]: eth1: unknown port setting 255
2015-09-03T15:26:04.409518-06:00 linux wickedd[5027]: eth1: unknown port setting 255
2015-09-03T15:26:04.534728-06:00 linux wickedd-dhcp4[4991]: eth0: unknown port setting 255
2015-09-03T15:26:04.535053-06:00 linux wickedd-dhcp6[4990]: eth0: unknown port setting 255
2015-09-03T15:26:04.535286-06:00 linux wickedd-auto4[4987]: eth0: unknown port setting 255
2015-09-03T15:26:04.535501-06:00 linux wickedd[5027]: eth0: unknown port setting 255
2015-09-03T15:26:04.536850-06:00 linux wickedd-auto4[4987]: eth0: unknown port setting 255
2015-09-03T15:26:04.537075-06:00 linux wickedd[5027]: eth0: unknown port setting 255
2015-09-03T15:26:04.537293-06:00 linux wickedd-dhcp6[4990]: eth0: unknown port setting 255
2015-09-03T15:26:04.538879-06:00 linux wickedd-auto4[4987]: eth0: unknown port setting 255
2015-09-03T15:26:04.539101-06:00 linux wickedd-dhcp4[4991]: eth0: unknown port setting 255
2015-09-03T15:26:04.539305-06:00 linux wickedd[5027]: eth0: unknown port setting 255
2015-09-03T15:26:04.539510-06:00 linux wickedd-dhcp6[4990]: eth0: unknown port setting 255
2015-09-03T15:26:04.540916-06:00 linux wickedd-auto4[4987]: eth0: unknown port setting 255
2015-09-03T15:26:04.541142-06:00 linux wickedd-dhcp4[4991]: eth0: unknown port setting 255
2015-09-03T15:26:04.541351-06:00 linux wickedd[5027]: eth0: unknown port setting 255
2015-09-03T15:26:04.541592-06:00 linux wickedd-dhcp6[4990]: eth0: unknown port setting 255
2015-09-03T15:26:04.541798-06:00 linux wickedd-dhcp4[4991]: eth0: unknown port setting 255
2015-09-03T15:26:04.569134-06:00 linux wicked: eth0: unknown port setting 255
2015-09-03T15:26:05.196867-06:00 linux wicked: eth0: unknown port setting 255
2015-09-03T15:26:05.505332-06:00 linux wickedd-auto4[4987]: eth1: unknown port setting 255
2015-09-03T15:26:05.506855-06:00 linux wickedd-auto4[4987]: eth1: unknown port setting 255
2015-09-03T15:26:05.507089-06:00 linux wickedd-dhcp4[4991]: eth1: unknown port setting 255
2015-09-03T15:26:05.507307-06:00 linux wickedd-dhcp6[4990]: eth1: unknown port setting 255
2015-09-03T15:26:05.507527-06:00 linux wickedd[5027]: eth1: unknown port setting 255
2015-09-03T15:26:05.508534-06:00 linux wickedd-auto4[4987]: eth1: unknown port setting 255
2015-09-03T15:26:05.508758-06:00 linux wickedd-dhcp6[4990]: eth1: unknown port setting 255
2015-09-03T15:26:05.508968-06:00 linux wickedd[5027]: eth1: unknown port setting 255
2015-09-03T15:26:05.511062-06:00 linux wickedd-auto4[4987]: eth1: unknown port setting 255
2015-09-03T15:26:05.511289-06:00 linux wickedd-dhcp6[4990]: eth1: unknown port setting 255
2015-09-03T15:26:05.511503-06:00 linux wickedd[5027]: eth1: unknown port setting 255
2015-09-03T15:26:05.511709-06:00 linux wickedd-dhcp4[4991]: eth1: unknown port setting 255
2015-09-03T15:26:05.512595-06:00 linux wickedd-dhcp6[4990]: eth1: unknown port setting 255
2015-09-03T15:26:05.512853-06:00 linux wickedd-dhcp4[4991]: eth1: unknown port setting 255
2015-09-03T15:26:05.513064-06:00 linux wickedd[5027]: eth1: unknown port setting 255
2015-09-03T15:26:05.513272-06:00 linux wickedd-dhcp4[4991]: eth1: unknown port setting 255
2015-09-03T15:26:05.529631-06:00 linux wicked: eth0: unknown port setting 255
2015-09-03T15:26:05.530276-06:00 linux wicked: eth1: unknown port setting 255
2015-09-03T15:26:06.169136-06:00 linux wicked: eth0: unknown port setting 255
2015-09-03T15:26:06.169776-06:00 linux wicked: eth1: unknown port setting 255
2015-09-03T15:26:59.769414-06:00 linux systemd[6002]: Device dev-disk-by\x2dpartlabel-primary.device appeared twice with different sysfs paths /sys/devices/pci0000:00/0000:00:1c.4/0000:1a:00.0/host0/target0:0:4/0:0:4:0/block/sda/sda1 and /sys/devices/pci0000:80/0000:80:01.1/0000:86:00.0/block/nvme0n1/nvme0n1p1
2015-09-03T15:26:59.769838-06:00 linux systemd[1]: Device dev-disk-by\x2dpartlabel-primary.device appeared twice with different sysfs paths /sys/devices/pci0000:00/0000:00:1c.4/0000:1a:00.0/host0/target0:0:4/0:0:4:0/block/sda/sda2 and /sys/devices/pci0000:80/0000:80:01.1/0000:86:00.0/block/nvme0n1/nvme0n1p1
2015-09-03T15:27:15.323105-06:00 linux libvirtd[5824]: no connection driver available for qemu:///system
2015-09-03T15:27:15.334990-06:00 linux libvirtd[5824]: End of file while reading data: Input/output error
2015-09-03T15:27:41.200264-06:00 linux avahi-daemon[4982]: Missed message org.freedesktop.DBus.Properties::GetAll()
2015-09-03T15:27:41.237323-06:00 linux avahi-daemon[4982]: Missed message org.freedesktop.DBus.Properties::GetAll()
2015-09-03T15:27:43.605034-06:00 linux libvirtd[5824]: End of file while reading data: Input/output error
2015-09-03T15:27:48.103631-06:00 linux avahi-daemon[4982]: Missed message org.freedesktop.DBus.Properties::GetAll()
2015-09-03T15:35:25.863657-06:00 linux systemd[1]: [/usr/lib/systemd/system/lvm2-lvmetad.socket:9] Unknown lvalue 'RemoveOnStop' in section 'Socket'
2015-09-03T15:35:25.863683-06:00 linux systemd[1]: Cannot add dependency job for unit gssproxy.service, ignoring: Unit gssproxy.service failed to load: No such file or directory.
2015-09-03T15:35:25.863696-06:00 linux systemd[1]: Device dev-disk-by\x2dpartlabel-primary.device appeared twice with different sysfs paths /sys/devices/pci0000:80/0000:80:01.1/0000:86:00.0/block/nvme0n1/nvme0n1p2 and /sys/devices/pci0000:00/0000:00:1c.4/0000:1a:00.0/host0/target0:0:4/0:0:4:0/block/sda/sda2
2015-09-03T15:35:25.863703-06:00 linux systemd[1]: Device dev-disk-by\x2dpartlabel-linux.device appeared twice with different sysfs paths /sys/devices/pci0000:00/0000:00:1c.4/0000:1a:00.0/host0/target0:0:4/0:0:4:0/block/sda/sda6 and /sys/devices/pci0000:00/0000:00:1c.4/0000:1a:00.0/host0/target0:0:4/0:0:4:0/block/sda/sda5
2015-09-03T15:35:25.863715-06:00 linux systemd[1]: Device dev-disk-by\x2dpartlabel-primary.device appeared twice with different sysfs paths /sys/devices/pci0000:80/0000:80:01.1/0000:86:00.0/block/nvme0n1/nvme0n1p2 and /sys/devices/pci0000:00/0000:00:1c.4/0000:1a:00.0/host0/target0:0:4/0:0:4:0/block/sda/sda1
2015-09-03T15:35:25.864223-06:00 linux kernel: [    0.000000] ACPI: RSDP 0x000000007B790014 00024 (v02 IBM   )
2015-09-03T15:35:25.864225-06:00 linux kernel: [    0.000000] ACPI: XSDT 0x000000007B78F188 00104 (v01 IBM    SYSTEM_X 00000000      01000013)
2015-09-03T15:35:25.864227-06:00 linux kernel: [    0.000000] ACPI: FACP 0x000000007B78B000 000F4 (v04 IBM    SYSTEM_X 00000000 MSFT 20091019)
2015-09-03T15:35:25.864228-06:00 linux kernel: [    0.000000] ACPI: DSDT 0x000000007B75D000 25CD4 (v02 IBM    SYSTEM_X 00000003 MSFT 20091015)
2015-09-03T15:35:25.864230-06:00 linux kernel: [    0.000000] ACPI: FACS 0x000000007B3E7000 00040
2015-09-03T15:35:25.864232-06:00 linux kernel: [    0.000000] ACPI: TCPA 0x000000007B78E000 00064 (v02 INTEL  EDK2     00000002      01000013)
2015-09-03T15:35:25.864235-06:00 linux kernel: [    0.000000] ACPI: SSDT 0x000000007B78D000 003A2 (v01 INTEL  TcgTable 00001000 INTL 20130328)
2015-09-03T15:35:25.864236-06:00 linux kernel: [    0.000000] ACPI: UEFI 0x000000007B3DF000 00042 (v01 INTEL  EDK2     00000002      01000013)
2015-09-03T15:35:25.864238-06:00 linux kernel: [    0.000000] ACPI: BDAT 0x000000007B78C000 00030 (v01 IBM    SYSTEM_X 00000000 MSFT 20091013)
2015-09-03T15:35:25.864239-06:00 linux kernel: [    0.000000] ACPI: HPET 0x000000007B78A000 00038 (v01 IBM    SYSTEM_X 00000001 MSFT 20091017)
2015-09-03T15:35:25.864241-06:00 linux kernel: [    0.000000] ACPI: APIC 0x000000007B789000 001EA (v03 IBM    SYSTEM_X 00000000 MSFT 20091014)
2015-09-03T15:35:25.864243-06:00 linux kernel: [    0.000000] ACPI: MCFG 0x000000007B788000 0003C (v01 IBM    SYSTEM_X 00000001 MSFT 20091013)
2015-09-03T15:35:25.864244-06:00 linux kernel: [    0.000000] ACPI: MSCT 0x000000007B787000 00090 (v01 IBM    SYSTEM_X 00000001 MSFT 20091013)
2015-09-03T15:35:25.864296-06:00 linux kernel: [    0.000000] ACPI: PMCT 0x000000007B786000 00064 (v01 IBM    SYSTEM_X 00000000 MSFT 20091013)
2015-09-03T15:35:25.864297-06:00 linux kernel: [    0.000000] ACPI: SLIT 0x000000007B785000 0006C (v01 IBM    SYSTEM_X 00000001 MSFT 20091020)
2015-09-03T15:35:25.864299-06:00 linux kernel: [    0.000000] ACPI: SRAT 0x000000007B784000 003D0 (v03 IBM    SYSTEM_X 00000001 MSFT 2009101A)
2015-09-03T15:35:25.864301-06:00 linux kernel: [    0.000000] ACPI: WDDT 0x000000007B783000 00040 (v01 IBM    SYSTEM_X 00000000 MSFT 20091013)
2015-09-03T15:35:25.864302-06:00 linux kernel: [    0.000000] ACPI: OEM0 0x000000007B75C000 00470 (v03        XSECSRAT 00000100 MSFT 20091022)
2015-09-03T15:35:25.864304-06:00 linux kernel: [    0.000000] ACPI: OEM1 0x000000007B75B000 00030 (v01        IBMERROR 00000003 MSFT 20091013)
2015-09-03T15:35:25.864305-06:00 linux kernel: [    0.000000] ACPI: SLIC 0x000000007B75A000 00176 (v01 IBM    SYSTEM_X 00000000 MSFT 2009101F)
2015-09-03T15:35:25.864308-06:00 linux kernel: [    0.000000] ACPI: SSDT 0x000000007B759000 00961 (v02 IBM    CPUSCOPE 00004000 INTL 20091016)
2015-09-03T15:35:25.864309-06:00 linux kernel: [    0.000000] ACPI: SSDT 0x000000007B751000 07DF4 (v02 IBM    PSTATEPM 00004000 INTL 20091016)
2015-09-03T15:35:25.864310-06:00 linux kernel: [    0.000000] ACPI: SSDT 0x000000007B74F000 016F2 (v02 IBM    CPUCSTAT 00004000 INTL 20091016)
2015-09-03T15:35:25.864312-06:00 linux kernel: [    0.000000] ACPI: SSDT 0x000000007B74D000 016F1 (v02 IBM    SpsNm    00000001 INTL 01000016)
2015-09-03T15:35:25.864314-06:00 linux kernel: [    0.000000] ACPI: SSDT 0x000000007B74C000 00064 (v02 INTEL  SpsNvs   00000002 INTL 20130328)
2015-09-03T15:35:25.864315-06:00 linux kernel: [    0.000000] ACPI: PRAD 0x000000007B74B000 00102 (v02 INTEL  SpsPrAgg 00000002 INTL 20130328)
2015-09-03T15:35:25.864319-06:00 linux kernel: [    0.000000] ACPI: SPCR 0x000000007B74A000 00050 (v01                 00000000      00000000)
2015-09-03T15:35:25.864320-06:00 linux kernel: [    0.000000] ACPI: DMAR 0x000000007B749000 00108 (v01 IBM    SYSTEM_X 00000001 MSFT 20091021)
2015-09-03T15:35:25.864321-06:00 linux kernel: [    0.000000] ACPI: HEST 0x000000007B748000 00230 (v01 INTEL           00000001 INTL 00000001)
2015-09-03T15:35:25.864324-06:00 linux kernel: [    0.000000] ACPI: BERT 0x000000007B747000 00030 (v01 INTEL           00000001 INTL 00000001)
2015-09-03T15:35:25.864325-06:00 linux kernel: [    0.000000] ACPI: ERST 0x000000007B746000 00230 (v01 INTEL           00000001 INTL 00000001)
2015-09-03T15:35:25.864326-06:00 linux kernel: [    0.000000] ACPI: EINJ 0x000000007B745000 00150 (v01 INTEL           00000001 INTL 00000001)
2015-09-03T15:35:25.864470-06:00 linux kernel: [    0.000000] Zone ranges:
2015-09-03T15:35:25.864472-06:00 linux kernel: [    0.000000]   DMA      [mem 0x00001000-0x00ffffff]
2015-09-03T15:35:25.864474-06:00 linux kernel: [    0.000000]   DMA32    [mem 0x01000000-0xffffffff]
2015-09-03T15:35:25.864478-06:00 linux kernel: [    0.000000]   Normal   [mem 0x100000000-0x2a7fffffff]
2015-09-03T15:35:25.864480-06:00 linux kernel: [    0.000000] Movable zone start for each node
2015-09-03T15:35:25.864481-06:00 linux kernel: [    0.000000] Early memory node ranges
2015-09-03T15:35:25.864488-06:00 linux kernel: [    0.000000]   node   0: [mem 0x00001000-0x0009efff]
2015-09-03T15:35:25.864489-06:00 linux kernel: [    0.000000]   node   0: [mem 0x00100000-0x561c7fff]
2015-09-03T15:35:25.864491-06:00 linux kernel: [    0.000000]   node   0: [mem 0x5e1d0000-0x5f66afff]
2015-09-03T15:35:25.864495-06:00 linux kernel: [    0.000000]   node   0: [mem 0x5f67a000-0x6483ffff]
2015-09-03T15:35:25.864495-06:00 linux kernel: [    0.000000]   node   0: [mem 0x748c1000-0x76b6efff]
2015-09-03T15:35:25.864495-06:00 linux kernel: [    0.000000]   node   0: [mem 0x76ba1000-0x77ba3fff]
2015-09-03T15:35:25.864496-06:00 linux kernel: [    0.000000]   node   0: [mem 0x7b791000-0x7b7fffff]
2015-09-03T15:35:25.864496-06:00 linux kernel: [    0.000000]   node   0: [mem 0x100000000-0x127fffffff]
2015-09-03T15:35:25.864497-06:00 linux kernel: [    0.000000]   node   1: [mem 0x1280000000-0x2a7fffffff]
2015-09-03T15:35:25.864506-06:00 linux kernel: [    0.000000] tboot: non-0 tboot_addr but it is not of type E820_RESERVED
2015-09-03T15:35:25.864725-06:00 linux kernel: [    0.000000] Built 2 zonelists in Node order, mobility grouping on.  Total pages: 43307490
2015-09-03T15:35:25.864727-06:00 linux kernel: [    0.000000] Policy zone: Normal
2015-09-03T15:35:25.864746-06:00 linux kernel: [    0.000000] Memory: 172819968K/175631260K available (5302K kernel code, 1261K rwdata, 4168K rodata, 1936K init, 2488K bss, 2811292K reserved)
2015-09-03T15:35:25.864854-06:00 linux kernel: [    0.119373] ACPI: All ACPI Tables successfully acquired
2015-09-03T15:35:25.864974-06:00 linux kernel: [    1.149504] ACPI: Dynamic OEM Table Load:
2015-09-03T15:35:25.864978-06:00 linux kernel: [    1.149507] ACPI: PRAD 0x0000000000000000 00102 (v02 INTEL  SpsPrAgg 00000002 INTL 20130328)
2015-09-03T15:35:25.864980-06:00 linux kernel: [    1.152130] ACPI Exception: AE_NOT_FOUND, While evaluating Sleep State [\_S1_] (20130725/hwxface-571)
2015-09-03T15:35:25.864982-06:00 linux kernel: [    1.152134] ACPI Exception: AE_NOT_FOUND, While evaluating Sleep State [\_S2_] (20130725/hwxface-571)
2015-09-03T15:35:25.864984-06:00 linux kernel: [    1.152136] ACPI Exception: AE_NOT_FOUND, While evaluating Sleep State [\_S3_] (20130725/hwxface-571)
2015-09-03T15:35:25.864985-06:00 linux kernel: [    1.152140] ACPI Exception: AE_NOT_FOUND, While evaluating Sleep State [\_S4_] (20130725/hwxface-571)
2015-09-03T15:35:25.865003-06:00 linux kernel: [    1.613628] irq 9: nobody cared (try booting with the "irqpoll" option)
2015-09-03T15:35:25.865005-06:00 linux kernel: [    1.613635] CPU: 0 PID: 0 Comm: swapper/0 Not tainted 3.12.46-2-default #1
2015-09-03T15:35:25.865005-06:00 linux kernel: [    1.613636] Hardware name: IBM IBM Flex System x240 M5 -[9532AC1]-/-[9532AC1]-, BIOS -[C4E103GUS-1.02]- 02/12/2015
2015-09-03T15:35:25.865005-06:00 linux kernel: [    1.613638]  ffff88127f431a0c ffffffff8151b874 ffff88127f431980 ffffffff810b2d9d
2015-09-03T15:35:25.865006-06:00 linux kernel: [    1.613643]  ffff88127f431980 0000000000000009 0000000000000000 ffffffff810b3205
2015-09-03T15:35:25.865008-06:00 linux kernel: [    1.613647]  0000000000000000 0000000000000000 0000000000000009 0000000000000000
2015-09-03T15:35:25.865014-06:00 linux kernel: [    1.613651] Call Trace:
2015-09-03T15:35:25.865060-06:00 linux kernel: [    1.613664]  [<ffffffff8100471d>] dump_trace+0x7d/0x2d0
2015-09-03T15:35:25.865062-06:00 linux kernel: [    1.613668]  [<ffffffff81004a04>] show_stack_log_lvl+0x94/0x170
2015-09-03T15:35:25.865064-06:00 linux kernel: [    1.613671]  [<ffffffff81005d81>] show_stack+0x21/0x50
2015-09-03T15:35:25.865065-06:00 linux kernel: [    1.613676]  [<ffffffff8151b874>] dump_stack+0x41/0x51
2015-09-03T15:35:25.865067-06:00 linux kernel: [    1.613683]  [<ffffffff810b2d9d>] __report_bad_irq+0x2d/0xc0
2015-09-03T15:35:25.865067-06:00 linux kernel: [    1.613687]  [<ffffffff810b3205>] note_interrupt+0x1a5/0x260
2015-09-03T15:35:25.865071-06:00 linux kernel: [    1.613693]  [<ffffffff810b0d19>] handle_irq_event_percpu+0xc9/0x1b0
2015-09-03T15:35:25.865072-06:00 linux kernel: [    1.613696]  [<ffffffff810b0e32>] handle_irq_event+0x32/0x50
2015-09-03T15:35:25.865073-06:00 linux kernel: [    1.613700]  [<ffffffff810b3cd1>] handle_fasteoi_irq+0x51/0xf0
2015-09-03T15:35:25.865074-06:00 linux kernel: [    1.613702]  [<ffffffff810045fa>] handle_irq+0x1a/0x30
2015-09-03T15:35:25.865075-06:00 linux kernel: [    1.613707]  [<ffffffff8152b945>] do_IRQ+0x45/0xb0
2015-09-03T15:35:25.865076-06:00 linux kernel: [    1.613713]  [<ffffffff81521d6d>] common_interrupt+0x6d/0x6d
2015-09-03T15:35:25.865081-06:00 linux kernel: [    1.613720]  [<ffffffff8100b5a4>] mwait_idle+0x64/0x80
2015-09-03T15:35:25.865082-06:00 linux kernel: [    1.613724]  [<ffffffff810b01b1>] cpu_startup_entry+0xe1/0x270
2015-09-03T15:35:25.865084-06:00 linux kernel: [    1.613730]  [<ffffffff81d50ea1>] start_kernel+0x43e/0x449
2015-09-03T15:35:25.865085-06:00 linux kernel: [    1.613734]  [<ffffffff81d506a3>] x86_64_start_kernel+0x10c/0x11b
2015-09-03T15:35:25.865087-06:00 linux kernel: [    1.613736] handlers:
2015-09-03T15:35:25.865088-06:00 linux kernel: [    1.613740] [<ffffffff813141d1>] acpi_irq
2015-09-03T15:35:25.865089-06:00 linux kernel: [    1.613742] Disabling IRQ #9
2015-09-03T15:35:25.865434-06:00 linux kernel: [    3.277473] ACPI: Enabled 4 GPEs in block 00 to 3F
2015-09-03T15:35:25.866206-06:00 linux kernel: [    4.154807] Dquot-cache hash table entries: 512 (order 0, 4096 bytes)
2015-09-03T15:35:25.866240-06:00 linux kernel: [    4.162089] ioapic: probe of 0000:00:05.4 failed with error -22
2015-09-03T15:35:25.866241-06:00 linux kernel: [    4.162110] ioapic: probe of 0000:80:05.4 failed with error -22
2015-09-03T15:35:25.866256-06:00 linux kernel: [    9.399206] ERST: Can not request [mem 0x7b3dd000-0x7b3debff] for ERST.
2015-09-03T15:35:25.866256-06:00 linux kernel: [    9.399545] [Firmware Warn]: GHES: Poll interval is 0 for generic hardware error source: 4, disabled.
2015-09-03T15:35:25.866262-06:00 linux kernel: [   10.565189] i8042: No controller found
2015-09-03T15:35:25.866365-06:00 linux kernel: [   10.574177] X.509: Cert for 'IBM UEFI DB' must have a SubjKeyId extension
2015-09-03T15:35:25.866365-06:00 linux kernel: [   10.574179] EFI: Problem loading in-kernel X.509 certificate (-129)
2015-09-03T15:35:25.866370-06:00 linux kernel: [   10.576058] Couldn't get size: 0x800000000000000e
2015-09-03T15:35:25.866979-06:00 linux kernel: [   14.342082] mei_me 0000:00:16.0: initialization failed.
2015-09-03T15:35:25.959747-06:00 linux wickedd-auto4[4917]: eth0: unknown port setting 255
2015-09-03T15:35:25.959932-06:00 linux wickedd-dhcp4[4929]: eth0: unknown port setting 255
2015-09-03T15:35:25.960092-06:00 linux wickedd[4957]: eth0: unknown port setting 255
2015-09-03T15:35:25.960243-06:00 linux wickedd-dhcp6[4928]: eth0: unknown port setting 255
2015-09-03T15:35:25.961490-06:00 linux wickedd-auto4[4917]: eth0: unknown port setting 255
2015-09-03T15:35:25.961717-06:00 linux wickedd-dhcp6[4928]: eth0: unknown port setting 255
2015-09-03T15:35:25.961924-06:00 linux wickedd[4957]: eth0: unknown port setting 255
2015-09-03T15:35:25.964054-06:00 linux wickedd-auto4[4917]: eth0: unknown port setting 255
2015-09-03T15:35:25.964277-06:00 linux wickedd[4957]: eth0: unknown port setting 255
2015-09-03T15:35:25.964482-06:00 linux wickedd-dhcp6[4928]: eth0: unknown port setting 255
2015-09-03T15:35:25.964691-06:00 linux wickedd-dhcp4[4929]: eth0: unknown port setting 255
2015-09-03T15:35:25.966093-06:00 linux wickedd-dhcp4[4929]: eth0: unknown port setting 255
2015-09-03T15:35:25.966312-06:00 linux wickedd[4957]: eth0: unknown port setting 255
2015-09-03T15:35:25.966615-06:00 linux wickedd-auto4[4917]: eth0: unknown port setting 255
2015-09-03T15:35:25.966856-06:00 linux wickedd-dhcp4[4929]: eth0: unknown port setting 255
2015-09-03T15:35:25.967070-06:00 linux wickedd-dhcp6[4928]: eth0: unknown port setting 255
2015-09-03T15:35:25.971301-06:00 linux wickedd-dhcp6[4928]: eth0: unknown port setting 255
2015-09-03T15:35:25.971515-06:00 linux wickedd[4957]: eth0: unknown port setting 255
2015-09-03T15:35:25.971720-06:00 linux wickedd-auto4[4917]: eth0: unknown port setting 255
2015-09-03T15:35:25.971925-06:00 linux wickedd-dhcp4[4929]: eth0: unknown port setting 255
2015-09-03T15:35:25.996738-06:00 linux wicked: eth0: unknown port setting 255
2015-09-03T15:35:26.868355-06:00 linux wicked: eth0: unknown port setting 255
2015-09-03T15:35:27.006860-06:00 linux avahi-daemon[4910]: Host name conflict, retrying with linux-2
2015-09-03T15:35:27.118327-06:00 linux wickedd-dhcp4[4929]: eth1: unknown port setting 255
2015-09-03T15:35:27.118596-06:00 linux wickedd-dhcp6[4928]: eth1: unknown port setting 255
2015-09-03T15:35:27.119004-06:00 linux wickedd-auto4[4917]: eth1: unknown port setting 255
2015-09-03T15:35:27.119613-06:00 linux wickedd-dhcp6[4928]: eth1: unknown port setting 255
2015-09-03T15:35:27.119838-06:00 linux wickedd-auto4[4917]: eth1: unknown port setting 255
2015-09-03T15:35:27.122171-06:00 linux wickedd-dhcp6[4928]: eth1: unknown port setting 255
2015-09-03T15:35:27.122416-06:00 linux wickedd-auto4[4917]: eth1: unknown port setting 255
2015-09-03T15:35:27.122627-06:00 linux wickedd-dhcp4[4929]: eth1: unknown port setting 255
2015-09-03T15:35:27.122835-06:00 linux wickedd[4957]: eth1: unknown port setting 255
2015-09-03T15:35:27.124240-06:00 linux wickedd-auto4[4917]: eth1: unknown port setting 255
2015-09-03T15:35:27.124509-06:00 linux wickedd-dhcp6[4928]: eth1: unknown port setting 255
2015-09-03T15:35:27.124732-06:00 linux wickedd-dhcp4[4929]: eth1: unknown port setting 255
2015-09-03T15:35:27.124949-06:00 linux wickedd[4957]: eth1: unknown port setting 255
2015-09-03T15:35:27.125275-06:00 linux wickedd-dhcp4[4929]: eth1: unknown port setting 255
2015-09-03T15:35:27.125507-06:00 linux wickedd[4957]: eth1: unknown port setting 255
2015-09-03T15:35:27.125829-06:00 linux wickedd[4957]: eth1: unknown port setting 255
2015-09-03T15:35:27.144676-06:00 linux wicked: eth0: unknown port setting 255
2015-09-03T15:35:27.145226-06:00 linux wicked: eth1: unknown port setting 255
2015-09-03T15:35:27.779784-06:00 linux wicked: eth0: unknown port setting 255
2015-09-03T15:35:27.780363-06:00 linux wicked: eth1: unknown port setting 255
2015-09-03T15:35:27.961784-06:00 linux wickedd-dhcp4[4929]: eth1: unknown port setting 255
2015-09-03T15:35:27.962164-06:00 linux wickedd-dhcp6[4928]: eth1: unknown port setting 255
2015-09-03T15:35:27.962427-06:00 linux wickedd-auto4[4917]: eth1: unknown port setting 255
2015-09-03T15:35:28.042361-06:00 linux wickedd[4957]: eth1: unknown port setting 255
2015-09-03T15:35:28.680941-06:00 linux rpc.statd[5732]: Flags: TI-RPC
2015-09-03T15:35:28.811610-06:00 linux libvirtd[5763]: Module /usr/lib64/libvirt/connection-driver/libvirt_driver_lxc.so not accessible
2015-09-03T15:35:29.589788-06:00 linux org.a11y.Bus[5965]: Activating service name='org.a11y.atspi.Registry'
2015-09-03T15:35:29.594253-06:00 linux org.a11y.Bus[5965]: Successfully activated service 'org.a11y.atspi.Registry'
2015-09-03T15:35:29.595168-06:00 linux org.a11y.atspi.Registry[5972]: Xlib:  extension "XEVIE" missing on display ":0".
2015-09-03T15:35:36.072588-06:00 linux /usr/sbin/irqbalance: irq 146 affinity_hint subset empty
2015-09-03T15:35:36.072961-06:00 linux /usr/sbin/irqbalance: irq 147 affinity_hint subset empty
2015-09-03T15:35:36.073201-06:00 linux /usr/sbin/irqbalance: irq 148 affinity_hint subset empty
2015-09-03T15:35:36.073427-06:00 linux /usr/sbin/irqbalance: irq 149 affinity_hint subset empty
2015-09-03T15:35:36.073642-06:00 linux /usr/sbin/irqbalance: irq 150 affinity_hint subset empty
2015-09-03T15:35:36.073854-06:00 linux /usr/sbin/irqbalance: irq 151 affinity_hint subset empty
2015-09-03T15:35:36.074076-06:00 linux /usr/sbin/irqbalance: irq 152 affinity_hint subset empty
2015-09-03T15:35:36.074293-06:00 linux /usr/sbin/irqbalance: irq 153 affinity_hint subset empty
2015-09-03T15:35:36.074507-06:00 linux /usr/sbin/irqbalance: irq 154 affinity_hint subset empty
2015-09-03T15:35:36.074719-06:00 linux /usr/sbin/irqbalance: irq 155 affinity_hint subset empty
2015-09-03T15:35:36.074931-06:00 linux /usr/sbin/irqbalance: irq 156 affinity_hint subset empty
2015-09-03T15:35:36.075147-06:00 linux /usr/sbin/irqbalance: irq 157 affinity_hint subset empty
2015-09-03T15:35:36.075365-06:00 linux /usr/sbin/irqbalance: irq 170 affinity_hint subset empty
2015-09-03T15:35:36.075576-06:00 linux /usr/sbin/irqbalance: irq 171 affinity_hint subset empty
2015-09-03T15:35:36.075811-06:00 linux /usr/sbin/irqbalance: irq 172 affinity_hint subset empty
2015-09-03T15:35:36.076034-06:00 linux /usr/sbin/irqbalance: irq 173 affinity_hint subset empty
2015-09-03T15:35:36.076246-06:00 linux /usr/sbin/irqbalance: irq 174 affinity_hint subset empty
2015-09-03T15:35:36.076466-06:00 linux /usr/sbin/irqbalance: irq 175 affinity_hint subset empty
2015-09-03T15:35:36.076678-06:00 linux /usr/sbin/irqbalance: irq 110 affinity_hint subset empty
2015-09-03T15:35:36.076925-06:00 linux /usr/sbin/irqbalance: irq 111 affinity_hint subset empty
2015-09-03T15:35:36.077138-06:00 linux /usr/sbin/irqbalance: irq 112 affinity_hint subset empty
2015-09-03T15:35:36.077350-06:00 linux /usr/sbin/irqbalance: irq 113 affinity_hint subset empty
2015-09-03T15:35:36.077561-06:00 linux /usr/sbin/irqbalance: irq 114 affinity_hint subset empty
2015-09-03T15:35:36.077771-06:00 linux /usr/sbin/irqbalance: irq 115 affinity_hint subset empty
2015-09-03T15:35:36.077984-06:00 linux /usr/sbin/irqbalance: irq 116 affinity_hint subset empty
2015-09-03T15:35:36.078192-06:00 linux /usr/sbin/irqbalance: irq 117 affinity_hint subset empty
2015-09-03T15:35:36.078404-06:00 linux /usr/sbin/irqbalance: irq 118 affinity_hint subset empty
2015-09-03T15:35:36.078611-06:00 linux /usr/sbin/irqbalance: irq 119 affinity_hint subset empty
2015-09-03T15:35:36.078821-06:00 linux /usr/sbin/irqbalance: irq 120 affinity_hint subset empty
2015-09-03T15:35:36.079028-06:00 linux /usr/sbin/irqbalance: irq 121 affinity_hint subset empty
2015-09-03T15:35:36.079241-06:00 linux /usr/sbin/irqbalance: irq 134 affinity_hint subset empty
2015-09-03T15:35:36.079481-06:00 linux /usr/sbin/irqbalance: irq 135 affinity_hint subset empty
2015-09-03T15:35:36.079695-06:00 linux /usr/sbin/irqbalance: irq 136 affinity_hint subset empty
2015-09-03T15:35:36.079917-06:00 linux /usr/sbin/irqbalance: irq 137 affinity_hint subset empty
2015-09-03T15:35:36.080131-06:00 linux /usr/sbin/irqbalance: irq 138 affinity_hint subset empty
2015-09-03T15:35:36.080338-06:00 linux /usr/sbin/irqbalance: irq 139 affinity_hint subset empty
2015-09-03T15:35:36.080546-06:00 linux /usr/sbin/irqbalance: irq 140 affinity_hint subset empty
2015-09-03T15:35:36.080761-06:00 linux /usr/sbin/irqbalance: irq 141 affinity_hint subset empty
2015-09-03T15:35:36.080972-06:00 linux /usr/sbin/irqbalance: irq 142 affinity_hint subset empty
2015-09-03T15:35:36.081177-06:00 linux /usr/sbin/irqbalance: irq 143 affinity_hint subset empty
2015-09-03T15:35:36.081396-06:00 linux /usr/sbin/irqbalance: irq 144 affinity_hint subset empty
2015-09-03T15:35:36.081604-06:00 linux /usr/sbin/irqbalance: irq 145 affinity_hint subset empty
2015-09-03T15:35:37.995855-06:00 linux kernel: [   31.110028] audit_printk_skb: 84 callbacks suppressed
2015-09-03T15:35:38.603296-06:00 linux org.a11y.Bus[6144]: Activating service name='org.a11y.atspi.Registry'
2015-09-03T15:35:38.608231-06:00 linux org.a11y.Bus[6144]: Successfully activated service 'org.a11y.atspi.Registry'
2015-09-03T15:35:38.609210-06:00 linux org.a11y.atspi.Registry[6151]: Xlib:  extension "XEVIE" missing on display ":0".
2015-09-03T15:35:40.242944-06:00 linux org.gnome.ControlCenter.SearchProvider[6144]: ** (process:6307): WARNING **: Ignoring broken panel color (missing desktop file)
2015-09-03T15:35:40.244518-06:00 linux org.gnome.ControlCenter.SearchProvider[6144]: ** (process:6307): WARNING **: Ignoring broken panel online-accounts (missing desktop file)
2015-09-03T15:35:40.246699-06:00 linux org.gnome.ControlCenter.SearchProvider[6144]: ** (process:6307): WARNING **: Ignoring broken panel dconf-editor (missing desktop file)
2015-09-03T15:35:40.246882-06:00 linux org.gnome.ControlCenter.SearchProvider[6144]: ** (process:6307): WARNING **: Ignoring broken panel alacarte (missing desktop file)
2015-09-03T15:35:40.247020-06:00 linux org.gnome.ControlCenter.SearchProvider[6144]: ** (process:6307): WARNING **: Ignoring broken panel gpk-prefs (missing desktop file)
2015-09-03T15:35:40.247157-06:00 linux org.gnome.ControlCenter.SearchProvider[6144]: ** (process:6307): WARNING **: Ignoring broken panel tracker-preferences (missing desktop file)
2015-09-03T15:35:40.247283-06:00 linux org.gnome.ControlCenter.SearchProvider[6144]: ** (process:6307): WARNING **: Ignoring broken panel itweb-settings (missing desktop file)
2015-09-03T15:35:40.247401-06:00 linux org.gnome.ControlCenter.SearchProvider[6144]: ** (process:6307): WARNING **: Ignoring broken panel gnome-tweak-tool (missing desktop file)
2015-09-03T15:35:40.247519-06:00 linux org.gnome.ControlCenter.SearchProvider[6144]: ** (process:6307): WARNING **: Ignoring broken panel YaST (missing desktop file)
2015-09-03T15:37:47.519815-06:00 linux kernel: [  160.681466] qemu-system-x86: sending ioctl 5326 to a partition!
2015-09-03T15:37:47.519823-06:00 linux kernel: [  160.681482] qemu-system-x86: sending ioctl 80200204 to a partition!
2015-09-03T15:39:02.047457-06:00 linux kernel: [  235.240765] pciehp 0000:80:01.0:pcie04: Power fault on slot 4
2015-09-03T15:53:05.757230-06:00 linux libvirtd[5763]: internal error: End of file from monitor
2015-09-03T15:53:05.957605-06:00 linux libvirtd[5763]: unable to set user and group to '0:0' on '/var/lib/libvirt/boot/virtinst-initrd.kEQgQj': No such file or directory
2015-09-03T15:53:06.135863-06:00 linux kernel: [ 1079.646064] qemu-system-x86: sending ioctl 5326 to a partition!
2015-09-03T15:53:06.135884-06:00 linux kernel: [ 1079.646092] qemu-system-x86: sending ioctl 80200204 to a partition!
2015-09-03T15:57:38.451066-06:00 linux wickedd-nanny[4963]: ni_managed_device_get_worker: no corresponding worker for ifindex 9
2015-09-03T15:57:38.451491-06:00 linux wickedd-nanny[4963]: ni_managed_device_get_worker: no corresponding worker for ifindex 8
2015-09-03T15:57:38.451733-06:00 linux wickedd-nanny[4963]: ni_managed_device_get_worker: no corresponding worker for ifindex 7
2015-09-03T15:57:38.961769-06:00 linux wickedd-dhcp6[4928]: eth0: unknown port setting 255
2015-09-03T15:57:38.961972-06:00 linux wickedd-auto4[4917]: eth0: unknown port setting 255
2015-09-03T15:57:38.962110-06:00 linux wickedd-dhcp4[4929]: eth0: unknown port setting 255
2015-09-03T15:57:38.962327-06:00 linux wickedd[4957]: eth0: unknown port setting 255
2015-09-03T15:57:38.980549-06:00 linux wickedd-dhcp4[4929]: eth1: unknown port setting 255
2015-09-03T15:57:38.980715-06:00 linux wickedd-dhcp6[4928]: eth1: unknown port setting 255
2015-09-03T15:57:38.980880-06:00 linux wickedd-auto4[4917]: eth1: unknown port setting 255
2015-09-03T15:57:38.981228-06:00 linux wickedd[4957]: eth1: unknown port setting 255
2015-09-03T15:57:39.001805-06:00 linux wickedd-dhcp6[4928]: eth0: unknown port setting 255
2015-09-03T15:57:39.001980-06:00 linux wickedd[4957]: eth0: unknown port setting 255
2015-09-03T15:57:39.003355-06:00 linux wickedd[4957]: eth0: unknown port setting 255
2015-09-03T15:57:39.003620-06:00 linux wickedd-auto4[4917]: eth0: unknown port setting 255
2015-09-03T15:57:39.003899-06:00 linux wickedd-dhcp6[4928]: eth0: unknown port setting 255
2015-09-03T15:57:39.004390-06:00 linux wickedd-auto4[4917]: eth0: unknown port setting 255
2015-09-03T15:57:39.004686-06:00 linux wickedd-dhcp4[4929]: eth0: unknown port setting 255
2015-09-03T15:57:39.004956-06:00 linux wickedd-dhcp4[4929]: eth0: unknown port setting 255
2015-09-03T15:57:39.007178-06:00 linux wickedd[4957]: eth1: unknown port setting 255
2015-09-03T15:57:39.007428-06:00 linux wickedd-auto4[4917]: eth1: unknown port setting 255
2015-09-03T15:57:39.007672-06:00 linux wickedd-dhcp4[4929]: eth1: unknown port setting 255
2015-09-03T15:57:39.008716-06:00 linux wickedd-auto4[4917]: eth1: unknown port setting 255
2015-09-03T15:57:39.008893-06:00 linux wickedd[4957]: eth1: unknown port setting 255
2015-09-03T15:57:39.009247-06:00 linux wickedd-dhcp4[4929]: eth1: unknown port setting 255
2015-09-03T15:57:39.009523-06:00 linux wickedd-dhcp6[4928]: eth1: unknown port setting 255
2015-09-03T15:57:39.009801-06:00 linux wickedd-dhcp6[4928]: eth1: unknown port setting 255
2015-09-03T15:57:39.108870-06:00 linux wickedd-nanny[4963]: ni_managed_device_get_worker: no corresponding worker for ifindex 6
2015-09-03T15:57:39.109186-06:00 linux wickedd-nanny[4963]: ni_managed_device_get_worker: no corresponding worker for ifindex 5
2015-09-03T15:57:39.157764-06:00 linux wickedd-dhcp6[4928]: eth0: unknown port setting 255
2015-09-03T15:57:39.158081-06:00 linux wickedd-dhcp4[4929]: eth0: unknown port setting 255
2015-09-03T15:57:39.158325-06:00 linux wickedd-auto4[4917]: eth0: unknown port setting 255
2015-09-03T15:57:39.158558-06:00 linux wickedd[4957]: eth0: unknown port setting 255
2015-09-03T15:57:39.159526-06:00 linux wickedd-auto4[4917]: eth0: unknown port setting 255
2015-09-03T15:57:39.159856-06:00 linux wickedd-dhcp6[4928]: eth0: unknown port setting 255
2015-09-03T15:57:39.160101-06:00 linux wickedd[4957]: eth0: unknown port setting 255
2015-09-03T15:57:39.161582-06:00 linux wickedd-dhcp4[4929]: eth0: unknown port setting 255
2015-09-03T15:57:39.161888-06:00 linux wickedd-dhcp6[4928]: eth0: unknown port setting 255
2015-09-03T15:57:39.162125-06:00 linux wickedd-auto4[4917]: eth0: unknown port setting 255
2015-09-03T15:57:39.163646-06:00 linux wickedd-dhcp4[4929]: eth0: unknown port setting 255
2015-09-03T15:57:39.163987-06:00 linux wickedd-auto4[4917]: eth0: unknown port setting 255
2015-09-03T15:57:39.164240-06:00 linux wickedd-dhcp6[4928]: eth0: unknown port setting 255
2015-09-03T15:57:39.164481-06:00 linux wickedd[4957]: eth0: unknown port setting 255
2015-09-03T15:57:39.164720-06:00 linux wickedd-dhcp4[4929]: eth0: unknown port setting 255
2015-09-03T15:57:39.164945-06:00 linux wickedd[4957]: eth0: unknown port setting 255
2015-09-03T15:57:39.194998-06:00 linux wicked: eth0: unknown port setting 255
2015-09-03T15:57:39.832941-06:00 linux wicked: eth0: unknown port setting 255
2015-09-03T15:57:40.172572-06:00 linux wickedd[4957]: eth1: unknown port setting 255
2015-09-03T15:57:40.172933-06:00 linux wickedd-dhcp6[4928]: eth1: unknown port setting 255
2015-09-03T15:57:40.173194-06:00 linux wickedd-auto4[4917]: eth1: unknown port setting 255
2015-09-03T15:57:40.173450-06:00 linux wickedd-dhcp4[4929]: eth1: unknown port setting 255
2015-09-03T15:57:40.174386-06:00 linux wickedd-dhcp6[4928]: eth1: unknown port setting 255
2015-09-03T15:57:40.174700-06:00 linux wickedd-auto4[4917]: eth1: unknown port setting 255
2015-09-03T15:57:40.174945-06:00 linux wickedd[4957]: eth1: unknown port setting 255
2015-09-03T15:57:40.176920-06:00 linux wickedd[4957]: eth1: unknown port setting 255
2015-09-03T15:57:40.177231-06:00 linux wickedd-dhcp4[4929]: eth1: unknown port setting 255
2015-09-03T15:57:40.177956-06:00 linux wickedd-auto4[4917]: eth1: unknown port setting 255
2015-09-03T15:57:40.178275-06:00 linux wickedd[4957]: eth1: unknown port setting 255
2015-09-03T15:57:40.178556-06:00 linux wickedd-dhcp4[4929]: eth1: unknown port setting 255
2015-09-03T15:57:40.178966-06:00 linux wickedd-auto4[4917]: eth1: unknown port setting 255
2015-09-03T15:57:40.179213-06:00 linux wickedd-dhcp4[4929]: eth1: unknown port setting 255
2015-09-03T15:57:40.179467-06:00 linux wickedd-dhcp6[4928]: eth1: unknown port setting 255
2015-09-03T15:57:40.179691-06:00 linux wickedd-dhcp6[4928]: eth1: unknown port setting 255
2015-09-03T15:57:40.190591-06:00 linux wicked: eth0: unknown port setting 255
2015-09-03T15:57:40.191109-06:00 linux wicked: eth1: unknown port setting 255
2015-09-03T15:57:40.833496-06:00 linux wicked: eth0: unknown port setting 255
2015-09-03T15:57:40.834053-06:00 linux wicked: eth1: unknown port setting 255
2015-09-03T15:58:00.263881-06:00 linux kernel: [ 1373.885230] qemu-system-x86: sending ioctl 5326 to a partition!
2015-09-03T15:58:00.263897-06:00 linux kernel: [ 1373.885700] qemu-system-x86: sending ioctl 80200204 to a partition!
2015-09-03T15:58:00.391317-06:00 linux systemd[6089]: Device dev-disk-by\x2dpartlabel-linux.device appeared twice with different sysfs paths /sys/devices/pci0000:00/0000:00:1c.4/0000:1a:00.0/host0/target0:0:4/0:0:4:0/block/sda/sda5 and /sys/devices/pci0000:00/0000:00:1c.4/0000:1a:00.0/host0/target0:0:4/0:0:4:0/block/sda/sda6
2015-09-03T15:59:33.159872-06:00 linux kernel: [ 1466.816673] nr_pdflush_threads exported in /proc is scheduled for removal
2015-09-03T16:00:06.923868-06:00 linux kernel: [ 1500.594557] ICMPv6: process `cat' is using deprecated sysctl (syscall) net.ipv6.neigh.br0.retrans_time - use net.ipv6.neigh.br0.retrans_time_ms instead
2015-09-03T16:00:43.555855-06:00 linux kernel: [ 1537.240090] systool: The scan_unevictable_pages sysctl/node-interface has been disabled for lack of a legitimate use case.  If you have one, please send an email to linux-mm@kvack.org.
2015-09-03T16:00:46.707843-06:00 linux kernel: [ 1540.392800] megaraid_sas 0000:1a:00.0: Firmware crash dump is not available


#==[ Log File ]=====================================#
# /var/log/messages
2015-09-02T09:42:53.272351-06:00 linux kernel: [    0.000000] Initializing cgroup subsys cpuset
2015-09-02T09:42:53.272188-06:00 linux rsyslogd: [origin software="rsyslogd" swVersion="8.4.0" x-pid="4939" x-info="http://www.rsyslog.com"] start
2015-09-02T09:42:53.272324-06:00 linux systemd[1]: [/usr/lib/systemd/system/lvm2-lvmetad.socket:9] Unknown lvalue 'RemoveOnStop' in section 'Socket'
2015-09-02T09:42:53.273143-06:00 linux kernel: [    0.000000] Initializing cgroup subsys cpu
2015-09-02T09:42:53.273172-06:00 linux kernel: [    0.000000] Initializing cgroup subsys cpuacct
2015-09-02T09:42:53.273173-06:00 linux kernel: [    0.000000] Linux version 3.12.46-2-default (geeko@buildhost) (gcc version 4.8.5 (SUSE Linux) ) #1 SMP Mon Aug 17 15:43:07 UTC 2015 (5c597ab)
2015-09-02T09:42:53.273173-06:00 linux kernel: [    0.000000] Command line: BOOT_IMAGE=/boot/vmlinuz-3.12.46-2-default root=UUID=083ae1fb-02e3-46a0-8610-b1c1cafd31b0 ro resume=/dev/disk/by-uuid/d03cce05-b791-4fbf-b5f8-64df2b80bc94 splash=silent quiet showopts crashkernel=252M-:126M
2015-09-02T09:42:53.273177-06:00 linux kernel: [    0.000000] e820: BIOS-provided physical RAM map:
2015-09-02T09:42:53.273178-06:00 linux kernel: [    0.000000] BIOS-e820: [mem 0x0000000000000000-0x000000000009ffff] usable
2015-09-02T09:42:53.273178-06:00 linux kernel: [    0.000000] BIOS-e820: [mem 0x0000000000100000-0x0000000056162fff] usable
2015-09-02T09:42:53.273174-06:00 linux systemd-fsck[706]: /dev/nvme0n1p2: clean, 144548/24412160 files, 2346143/97637632 blocks
2015-09-02T09:42:53.273181-06:00 linux kernel: [    0.000000] BIOS-e820: [mem 0x0000000056163000-0x000000005e16afff] reserved
2015-09-02T09:42:53.273190-06:00 linux kernel: [    0.000000] BIOS-e820: [mem 0x000000005e16b000-0x000000005f66afff] usable
2015-09-02T09:42:53.273191-06:00 linux kernel: [    0.000000] BIOS-e820: [mem 0x000000005f66b000-0x000000005f679fff] reserved
2015-09-02T09:42:53.273192-06:00 linux kernel: [    0.000000] BIOS-e820: [mem 0x000000005f67a000-0x000000006483ffff] usable
2015-09-02T09:42:53.273192-06:00 linux systemd-udevd[715]: Network interface NamePolicy= disabled on kernel commandline, ignoring.
2015-09-02T09:42:53.273197-06:00 linux systemd[1]: Device dev-disk-by\x2dpartlabel-primary.device appeared twice with different sysfs paths /sys/devices/pci0000:80/0000:80:01.1/0000:86:00.0/block/nvme0n1/nvme0n1p2 and /sys/devices/pci0000:80/0000:80:01.1/0000:86:00.0/block/nvme0n1/nvme0n1p1
2015-09-02T09:42:53.273202-06:00 linux kernel: [    0.000000] BIOS-e820: [mem 0x0000000064840000-0x00000000748c0fff] reserved
2015-09-02T09:42:53.273204-06:00 linux kernel: [    0.000000] BIOS-e820: [mem 0x00000000748c1000-0x0000000076b6efff] usable
2015-09-02T09:42:53.273204-06:00 linux kernel: [    0.000000] BIOS-e820: [mem 0x0000000076b6f000-0x0000000076ba0fff] reserved
2015-09-02T09:42:53.273203-06:00 linux systemd[1]: Device dev-disk-by\x2dpartlabel-linux.device appeared twice with different sysfs paths /sys/devices/pci0000:00/0000:00:1c.4/0000:1a:00.0/host0/target0:0:4/0:0:4:0/block/sda/sda4 and /sys/devices/pci0000:00/0000:00:1c.4/0000:1a:00.0/host0/target0:0:4/0:0:4:0/block/sda/sda5
2015-09-02T09:42:53.273212-06:00 linux kernel: [    0.000000] BIOS-e820: [mem 0x0000000076ba1000-0x0000000077ba3fff] usable
2015-09-02T09:42:53.273241-06:00 linux kernel: [    0.000000] BIOS-e820: [mem 0x0000000077ba4000-0x00000000793fefff] reserved
2015-09-02T09:42:53.273242-06:00 linux kernel: [    0.000000] BIOS-e820: [mem 0x00000000793ff000-0x000000007b3fefff] ACPI NVS
2015-09-02T09:42:53.273244-06:00 linux kernel: [    0.000000] BIOS-e820: [mem 0x000000007b3ff000-0x000000007b790fff] ACPI data
2015-09-02T09:42:53.273245-06:00 linux kernel: [    0.000000] BIOS-e820: [mem 0x000000007b791000-0x000000007b7fffff] usable
2015-09-02T09:42:53.273245-06:00 linux kernel: [    0.000000] BIOS-e820: [mem 0x0000000080000000-0x000000008fffffff] reserved
2015-09-02T09:42:53.273246-06:00 linux kernel: [    0.000000] BIOS-e820: [mem 0x00000000fed1c000-0x00000000fed1ffff] reserved
2015-09-02T09:42:53.273246-06:00 linux kernel: [    0.000000] BIOS-e820: [mem 0x00000000ff000000-0x00000000ffffffff] reserved
2015-09-02T09:42:53.273247-06:00 linux kernel: [    0.000000] BIOS-e820: [mem 0x0000000100000000-0x0000002a7fffffff] usable
2015-09-02T09:42:53.273247-06:00 linux kernel: [    0.000000] NX (Execute Disable) protection: active
2015-09-02T09:42:53.273218-06:00 linux systemd[1]: Device dev-disk-by\x2dpartlabel-linux.device appeared twice with different sysfs paths /sys/devices/pci0000:00/0000:00:1c.4/0000:1a:00.0/host0/target0:0:4/0:0:4:0/block/sda/sda4 and /sys/devices/pci0000:00/0000:00:1c.4/0000:1a:00.0/host0/target0:0:4/0:0:4:0/block/sda/sda7
2015-09-02T09:42:53.273250-06:00 linux kernel: [    0.000000] e820: update [mem 0x52779018-0x527b7657] usable ==> usable
2015-09-02T09:42:53.273259-06:00 linux kernel: [    0.000000] e820: update [mem 0x3d0c2018-0x3d100657] usable ==> usable
2015-09-02T09:42:53.273260-06:00 linux kernel: [    0.000000] e820: update [mem 0x52c7c018-0x52c84057] usable ==> usable
2015-09-02T09:42:53.273258-06:00 linux systemd[1]: Device dev-disk-by\x2dpartlabel-linux.device appeared twice with different sysfs paths /sys/devices/pci0000:00/0000:00:1c.4/0000:1a:00.0/host0/target0:0:4/0:0:4:0/block/sda/sda4 and /sys/devices/pci0000:00/0000:00:1c.4/0000:1a:00.0/host0/target0:0:4/0:0:4:0/block/sda/sda6
2015-09-02T09:42:53.273260-06:00 linux kernel: [    0.000000] e820: update [mem 0x52c2b018-0x52c3b257] usable ==> usable
2015-09-02T09:42:53.273270-06:00 linux kernel: [    0.000000] e820: update [mem 0x52762018-0x52778a57] usable ==> usable
2015-09-02T09:42:53.273270-06:00 linux kernel: [    0.000000] e820: update [mem 0x52c0f018-0x52c14657] usable ==> usable
2015-09-02T09:42:53.273271-06:00 linux kernel: [    0.000000] extended physical RAM map:
2015-09-02T09:42:53.273270-06:00 linux systemd[1]: Device dev-disk-by\x2dpartlabel-primary.device appeared twice with different sysfs paths /sys/devices/pci0000:80/0000:80:01.1/0000:86:00.0/block/nvme0n1/nvme0n1p2 and /sys/devices/pci0000:00/0000:00:1c.4/0000:1a:00.0/host0/target0:0:4/0:0:4:0/block/sda/sda1
2015-09-02T09:42:53.273274-06:00 linux kernel: [    0.000000] reserve setup_data: [mem 0x0000000000000000-0x000000000009ffff] usable
2015-09-02T09:42:53.273276-06:00 linux kernel: [    0.000000] reserve setup_data: [mem 0x0000000000100000-0x000000003d0c2017] usable
2015-09-02T09:42:53.273276-06:00 linux kernel: [    0.000000] reserve setup_data: [mem 0x000000003d0c2018-0x000000003d100657] usable
2015-09-02T09:42:53.273276-06:00 linux kernel: [    0.000000] reserve setup_data: [mem 0x000000003d100658-0x0000000052762017] usable
2015-09-02T09:42:53.273277-06:00 linux kernel: [    0.000000] reserve setup_data: [mem 0x0000000052762018-0x0000000052778a57] usable
2015-09-02T09:42:53.273277-06:00 linux kernel: [    0.000000] reserve setup_data: [mem 0x0000000052778a58-0x0000000052779017] usable
2015-09-02T09:42:53.273278-06:00 linux kernel: [    0.000000] reserve setup_data: [mem 0x0000000052779018-0x00000000527b7657] usable
2015-09-02T09:42:53.273276-06:00 linux mtp-probe: checking bus 3, device 4: "/sys/devices/pci0000:00/0000:00:14.0/usb3/3-3"
2015-09-02T09:42:53.273282-06:00 linux kernel: [    0.000000] reserve setup_data: [mem 0x00000000527b7658-0x0000000052c0f017] usable
2015-09-02T09:42:53.273283-06:00 linux kernel: [    0.000000] reserve setup_data: [mem 0x0000000052c0f018-0x0000000052c14657] usable
2015-09-02T09:42:53.273283-06:00 linux kernel: [    0.000000] reserve setup_data: [mem 0x0000000052c14658-0x0000000052c2b017] usable
2015-09-02T09:42:53.273284-06:00 linux kernel: [    0.000000] reserve setup_data: [mem 0x0000000052c2b018-0x0000000052c3b257] usable
2015-09-02T09:42:53.273284-06:00 linux kernel: [    0.000000] reserve setup_data: [mem 0x0000000052c3b258-0x0000000052c7c017] usable
2015-09-02T09:42:53.273282-06:00 linux mtp-probe: bus: 3, device: 4 was not an MTP device
2015-09-02T09:42:53.273285-06:00 linux kernel: [    0.000000] reserve setup_data: [mem 0x0000000052c7c018-0x0000000052c84057] usable
2015-09-02T09:42:53.273299-06:00 linux mtp-probe: checking bus 3, device 3: "/sys/devices/pci0000:00/0000:00:14.0/usb3/3-2"
2015-09-02T09:42:53.273305-06:00 linux kernel: [    0.000000] reserve setup_data: [mem 0x0000000052c84058-0x0000000056162fff] usable
2015-09-02T09:42:53.273307-06:00 linux kernel: [    0.000000] reserve setup_data: [mem 0x0000000056163000-0x000000005e16afff] reserved
2015-09-02T09:42:53.273307-06:00 linux kernel: [    0.000000] reserve setup_data: [mem 0x000000005e16b000-0x000000005f66afff] usable
2015-09-02T09:42:53.273308-06:00 linux kernel: [    0.000000] reserve setup_data: [mem 0x000000005f66b000-0x000000005f679fff] reserved
2015-09-02T09:42:53.273308-06:00 linux kernel: [    0.000000] reserve setup_data: [mem 0x000000005f67a000-0x000000006483ffff] usable
2015-09-02T09:42:53.273308-06:00 linux kernel: [    0.000000] reserve setup_data: [mem 0x0000000064840000-0x00000000748c0fff] reserved
2015-09-02T09:42:53.273309-06:00 linux kernel: [    0.000000] reserve setup_data: [mem 0x00000000748c1000-0x0000000076b6efff] usable
2015-09-02T09:42:53.273313-06:00 linux kernel: [    0.000000] reserve setup_data: [mem 0x0000000076b6f000-0x0000000076ba0fff] reserved
2015-09-02T09:42:53.273313-06:00 linux kernel: [    0.000000] reserve setup_data: [mem 0x0000000076ba1000-0x0000000077ba3fff] usable
2015-09-02T09:42:53.273314-06:00 linux kernel: [    0.000000] reserve setup_data: [mem 0x0000000077ba4000-0x00000000793fefff] reserved
2015-09-02T09:42:53.273314-06:00 linux kernel: [    0.000000] reserve setup_data: [mem 0x00000000793ff000-0x000000007b3fefff] ACPI NVS
2015-09-02T09:42:53.273315-06:00 linux kernel: [    0.000000] reserve setup_data: [mem 0x000000007b3ff000-0x000000007b790fff] ACPI data
2015-09-02T09:42:53.273315-06:00 linux kernel: [    0.000000] reserve setup_data: [mem 0x000000007b791000-0x000000007b7fffff] usable
2015-09-02T09:42:53.273315-06:00 linux kernel: [    0.000000] reserve setup_data: [mem 0x0000000080000000-0x000000008fffffff] reserved
2015-09-02T09:42:53.273318-06:00 linux kernel: [    0.000000] reserve setup_data: [mem 0x00000000fed1c000-0x00000000fed1ffff] reserved
2015-09-02T09:42:53.273318-06:00 linux kernel: [    0.000000] reserve setup_data: [mem 0x00000000ff000000-0x00000000ffffffff] reserved
2015-09-02T09:42:53.273319-06:00 linux kernel: [    0.000000] reserve setup_data: [mem 0x0000000100000000-0x0000002a7fffffff] usable
2015-09-02T09:42:53.273319-06:00 linux kernel: [    0.000000] efi: EFI v2.31 by EDK II
2015-09-02T09:42:53.273320-06:00 linux kernel: [    0.000000]                              BIOS ID: 0
2015-09-02T09:42:53.273320-06:00 linux kernel: [    0.000000] efi: efi:  ACPI=0x7b790000 efi:  ACPI 2.0=0x7b790014 efi:  SMBIOS=0x793fc000 efi: 
2015-09-02T09:42:53.273323-06:00 linux kernel: [    0.000000] efi: mem00: type=3, attr=0xf, range=[0x0000000000000000-0x0000000000001000) (0MB)
2015-09-02T09:42:53.273323-06:00 linux kernel: [    0.000000] efi: mem01: type=2, attr=0xf, range=[0x0000000000001000-0x0000000000002000) (0MB)
2015-09-02T09:42:53.273324-06:00 linux kernel: [    0.000000] efi: mem02: type=7, attr=0xf, range=[0x0000000000002000-0x0000000000020000) (0MB)
2015-09-02T09:42:53.273324-06:00 linux kernel: [    0.000000] efi: mem03: type=3, attr=0xf, range=[0x0000000000020000-0x000000000009f000) (0MB)
2015-09-02T09:42:53.273324-06:00 linux kernel: [    0.000000] efi: mem04: type=4, attr=0xf, range=[0x000000000009f000-0x00000000000a0000) (0MB)
2015-09-02T09:42:53.273325-06:00 linux kernel: [    0.000000] efi: mem05: type=7, attr=0xf, range=[0x0000000000100000-0x0000000000800000) (7MB)
2015-09-02T09:42:53.273325-06:00 linux kernel: [    0.000000] efi: mem06: type=3, attr=0xf, range=[0x0000000000800000-0x0000000001000000) (8MB)
2015-09-02T09:42:53.273328-06:00 linux kernel: [    0.000000] efi: mem07: type=2, attr=0xf, range=[0x0000000001000000-0x0000000002355000) (19MB)
2015-09-02T09:42:53.273328-06:00 linux kernel: [    0.000000] efi: mem08: type=7, attr=0xf, range=[0x0000000002355000-0x0000000010000000) (220MB)
2015-09-02T09:42:53.273329-06:00 linux kernel: [    0.000000] efi: mem09: type=3, attr=0xf, range=[0x0000000010000000-0x00000000100cb000) (0MB)
2015-09-02T09:42:53.273329-06:00 linux kernel: [    0.000000] efi: mem10: type=7, attr=0xf, range=[0x00000000100cb000-0x000000003d0c2000) (719MB)
2015-09-02T09:42:53.273330-06:00 linux kernel: [    0.000000] efi: mem11: type=2, attr=0xf, range=[0x000000003d0c2000-0x0000000052636000) (341MB)
2015-09-02T09:42:53.273330-06:00 linux kernel: [    0.000000] efi: mem12: type=1, attr=0xf, range=[0x0000000052636000-0x000000005275c000) (1MB)
2015-09-02T09:42:53.273331-06:00 linux kernel: [    0.000000] efi: mem13: type=7, attr=0xf, range=[0x000000005275c000-0x0000000052762000) (0MB)
2015-09-02T09:42:53.273333-06:00 linux kernel: [    0.000000] efi: mem14: type=2, attr=0xf, range=[0x0000000052762000-0x0000000052898000) (1MB)
2015-09-02T09:42:53.273333-06:00 linux kernel: [    0.000000] efi: mem15: type=4, attr=0xf, range=[0x0000000052898000-0x00000000528cf000) (0MB)
2015-09-02T09:42:53.273334-06:00 linux kernel: [    0.000000] efi: mem16: type=7, attr=0xf, range=[0x00000000528cf000-0x00000000528e0000) (0MB)
2015-09-02T09:42:53.273334-06:00 linux kernel: [    0.000000] efi: mem17: type=4, attr=0xf, range=[0x00000000528e0000-0x0000000052c0c000) (3MB)
2015-09-02T09:42:53.273334-06:00 linux kernel: [    0.000000] efi: mem18: type=7, attr=0xf, range=[0x0000000052c0c000-0x0000000052c0f000) (0MB)
2015-09-02T09:42:53.273335-06:00 linux kernel: [    0.000000] efi: mem19: type=2, attr=0xf, range=[0x0000000052c0f000-0x0000000052c15000) (0MB)
2015-09-02T09:42:53.273335-06:00 linux kernel: [    0.000000] efi: mem20: type=4, attr=0xf, range=[0x0000000052c15000-0x0000000052c28000) (0MB)
2015-09-02T09:42:53.273338-06:00 linux kernel: [    0.000000] efi: mem21: type=7, attr=0xf, range=[0x0000000052c28000-0x0000000052c2b000) (0MB)
2015-09-02T09:42:53.273338-06:00 linux kernel: [    0.000000] efi: mem22: type=2, attr=0xf, range=[0x0000000052c2b000-0x0000000052c3c000) (0MB)
2015-09-02T09:42:53.273338-06:00 linux kernel: [    0.000000] efi: mem23: type=4, attr=0xf, range=[0x0000000052c3c000-0x0000000052c42000) (0MB)
2015-09-02T09:42:53.273339-06:00 linux kernel: [    0.000000] efi: mem24: type=7, attr=0xf, range=[0x0000000052c42000-0x0000000052c45000) (0MB)
2015-09-02T09:42:53.273379-06:00 linux kernel: [    0.000000] efi: mem25: type=4, attr=0xf, range=[0x0000000052c45000-0x0000000052c4a000) (0MB)
2015-09-02T09:42:53.273380-06:00 linux kernel: [    0.000000] efi: mem26: type=7, attr=0xf, range=[0x0000000052c4a000-0x0000000052c4f000) (0MB)
2015-09-02T09:42:53.273382-06:00 linux kernel: [    0.000000] efi: mem27: type=4, attr=0xf, range=[0x0000000052c4f000-0x0000000052c51000) (0MB)
2015-09-02T09:42:53.273383-06:00 linux kernel: [    0.000000] efi: mem28: type=7, attr=0xf, range=[0x0000000052c51000-0x0000000052c52000) (0MB)
2015-09-02T09:42:53.273383-06:00 linux kernel: [    0.000000] efi: mem29: type=4, attr=0xf, range=[0x0000000052c52000-0x0000000052c54000) (0MB)
2015-09-02T09:42:53.273384-06:00 linux kernel: [    0.000000] efi: mem30: type=7, attr=0xf, range=[0x0000000052c54000-0x0000000052c55000) (0MB)
2015-09-02T09:42:53.273384-06:00 linux kernel: [    0.000000] efi: mem31: type=4, attr=0xf, range=[0x0000000052c55000-0x0000000052c58000) (0MB)
2015-09-02T09:42:53.273385-06:00 linux kernel: [    0.000000] efi: mem32: type=7, attr=0xf, range=[0x0000000052c58000-0x0000000052c59000) (0MB)
2015-09-02T09:42:53.273385-06:00 linux kernel: [    0.000000] efi: mem33: type=4, attr=0xf, range=[0x0000000052c59000-0x0000000052c62000) (0MB)
2015-09-02T09:42:53.273388-06:00 linux kernel: [    0.000000] efi: mem34: type=7, attr=0xf, range=[0x0000000052c62000-0x0000000052c63000) (0MB)
2015-09-02T09:42:53.273388-06:00 linux kernel: [    0.000000] efi: mem35: type=4, attr=0xf, range=[0x0000000052c63000-0x0000000052c65000) (0MB)
2015-09-02T09:42:53.273389-06:00 linux kernel: [    0.000000] efi: mem36: type=7, attr=0xf, range=[0x0000000052c65000-0x0000000052c67000) (0MB)
2015-09-02T09:42:53.273389-06:00 linux kernel: [    0.000000] efi: mem37: type=4, attr=0xf, range=[0x0000000052c67000-0x0000000052c79000) (0MB)
2015-09-02T09:42:53.273389-06:00 linux kernel: [    0.000000] efi: mem38: type=7, attr=0xf, range=[0x0000000052c79000-0x0000000052c7c000) (0MB)
2015-09-02T09:42:53.273390-06:00 linux kernel: [    0.000000] efi: mem39: type=2, attr=0xf, range=[0x0000000052c7c000-0x0000000052c87000) (0MB)
2015-09-02T09:42:53.273390-06:00 linux kernel: [    0.000000] efi: mem40: type=4, attr=0xf, range=[0x0000000052c87000-0x0000000052c88000) (0MB)
2015-09-02T09:42:53.273393-06:00 linux kernel: [    0.000000] efi: mem41: type=2, attr=0xf, range=[0x0000000052c88000-0x0000000052c89000) (0MB)
2015-09-02T09:42:53.273393-06:00 linux kernel: [    0.000000] efi: mem42: type=4, attr=0xf, range=[0x0000000052c89000-0x00000000533a0000) (7MB)
2015-09-02T09:42:53.273394-06:00 linux kernel: [    0.000000] efi: mem43: type=2, attr=0xf, range=[0x00000000533a0000-0x00000000533a1000) (0MB)
2015-09-02T09:42:53.273394-06:00 linux kernel: [    0.000000] efi: mem44: type=4, attr=0xf, range=[0x00000000533a1000-0x0000000056163000) (45MB)
2015-09-02T09:42:53.273394-06:00 linux kernel: [    0.000000] efi: mem45: type=11, attr=0xf, range=[0x0000000056163000-0x000000005e16b000) (128MB)
2015-09-02T09:42:53.273395-06:00 linux kernel: [    0.000000] efi: mem46: type=4, attr=0xf, range=[0x000000005e16b000-0x000000005f66b000) (21MB)
2015-09-02T09:42:53.273395-06:00 linux kernel: [    0.000000] efi: mem47: type=11, attr=0xf, range=[0x000000005f66b000-0x000000005f67a000) (0MB)
2015-09-02T09:42:53.273398-06:00 linux kernel: [    0.000000] efi: mem48: type=4, attr=0xf, range=[0x000000005f67a000-0x0000000064840000) (81MB)
2015-09-02T09:42:53.273398-06:00 linux kernel: [    0.000000] efi: mem49: type=6, attr=0x800000000000000f, range=[0x0000000064840000-0x00000000748c1000) (256MB)
2015-09-02T09:42:53.273399-06:00 linux kernel: [    0.000000] efi: mem50: type=4, attr=0xf, range=[0x00000000748c1000-0x0000000076b6f000) (34MB)
2015-09-02T09:42:53.273399-06:00 linux kernel: [    0.000000] efi: mem51: type=6, attr=0x800000000000000f, range=[0x0000000076b6f000-0x0000000076ba1000) (0MB)
2015-09-02T09:42:53.273400-06:00 linux kernel: [    0.000000] efi: mem52: type=4, attr=0xf, range=[0x0000000076ba1000-0x0000000076ba4000) (0MB)
2015-09-02T09:42:53.273400-06:00 linux kernel: [    0.000000] efi: mem53: type=7, attr=0xf, range=[0x0000000076ba4000-0x0000000076f7a000) (3MB)
2015-09-02T09:42:53.273403-06:00 linux kernel: [    0.000000] efi: mem54: type=3, attr=0xf, range=[0x0000000076f7a000-0x0000000077ba4000) (12MB)
2015-09-02T09:42:53.273403-06:00 linux kernel: [    0.000000] efi: mem55: type=6, attr=0x800000000000000f, range=[0x0000000077ba4000-0x0000000077fa4000) (4MB)
2015-09-02T09:42:53.273404-06:00 linux kernel: [    0.000000] efi: mem56: type=5, attr=0x800000000000000f, range=[0x0000000077fa4000-0x00000000783a4000) (4MB)
2015-09-02T09:42:53.273404-06:00 linux kernel: [    0.000000] efi: mem57: type=0, attr=0xf, range=[0x00000000783a4000-0x00000000793ff000) (16MB)
2015-09-02T09:42:53.273405-06:00 linux kernel: [    0.000000] efi: mem58: type=10, attr=0xf, range=[0x00000000793ff000-0x000000007b3ff000) (32MB)
2015-09-02T09:42:53.273405-06:00 linux kernel: [    0.000000] efi: mem59: type=9, attr=0xf, range=[0x000000007b3ff000-0x000000007b791000) (3MB)
2015-09-02T09:42:53.273408-06:00 linux kernel: [    0.000000] efi: mem60: type=4, attr=0xf, range=[0x000000007b791000-0x000000007b800000) (0MB)
2015-09-02T09:42:53.273408-06:00 linux kernel: [    0.000000] efi: mem61: type=7, attr=0xf, range=[0x0000000100000000-0x0000002a80000000) (169984MB)
2015-09-02T09:42:53.273409-06:00 linux kernel: [    0.000000] efi: mem62: type=11, attr=0x8000000000000000, range=[0x0000000080000000-0x0000000090000000) (256MB)
2015-09-02T09:42:53.273409-06:00 linux kernel: [    0.000000] efi: mem63: type=11, attr=0x8000000000000000, range=[0x00000000fed1c000-0x00000000fed20000) (0MB)
2015-09-02T09:42:53.273410-06:00 linux kernel: [    0.000000] efi: mem64: type=11, attr=0x8000000000000001, range=[0x00000000ff000000-0x0000000100000000) (16MB)
2015-09-02T09:42:53.273410-06:00 linux kernel: [    0.000000] SMBIOS 2.8 present.
2015-09-02T09:42:53.273413-06:00 linux kernel: [    0.000000] DMI: IBM IBM Flex System x240 M5 -[9532AC1]-/-[9532AC1]-, BIOS -[C4E103GUS-1.02]- 02/12/2015
2015-09-02T09:42:53.273413-06:00 linux kernel: [    0.000000] e820: update [mem 0x00000000-0x00000fff] usable ==> reserved
2015-09-02T09:42:53.273414-06:00 linux kernel: [    0.000000] e820: remove [mem 0x000a0000-0x000fffff] usable
2015-09-02T09:42:53.273414-06:00 linux kernel: [    0.000000] No AGP bridge found
2015-09-02T09:42:53.273415-06:00 linux kernel: [    0.000000] e820: last_pfn = 0x2a80000 max_arch_pfn = 0x400000000
2015-09-02T09:42:53.273415-06:00 linux kernel: [    0.000000] MTRR default type: write-back
2015-09-02T09:42:53.273415-06:00 linux kernel: [    0.000000] MTRR fixed ranges enabled:
2015-09-02T09:42:53.273418-06:00 linux kernel: [    0.000000]   00000-9FFFF write-back
2015-09-02T09:42:53.273418-06:00 linux kernel: [    0.000000]   A0000-BFFFF uncachable
2015-09-02T09:42:53.273419-06:00 linux kernel: [    0.000000]   C0000-DFFFF write-protect
2015-09-02T09:42:53.273419-06:00 linux kernel: [    0.000000]   E0000-FFFFF uncachable
2015-09-02T09:42:53.273420-06:00 linux kernel: [    0.000000] MTRR variable ranges enabled:
2015-09-02T09:42:53.273420-06:00 linux kernel: [    0.000000]   0 base 0000FE000000 mask 3FFFFF000000 uncachable
2015-09-02T09:42:53.273423-06:00 linux kernel: [    0.000000]   1 base 0000FC000000 mask 3FFFFE000000 uncachable
2015-09-02T09:42:53.273424-06:00 linux kernel: [    0.000000]   2 base 0000F8000000 mask 3FFFFC000000 uncachable
2015-09-02T09:42:53.273424-06:00 linux kernel: [    0.000000]   3 base 0000F0000000 mask 3FFFF8000000 uncachable
2015-09-02T09:42:53.273425-06:00 linux kernel: [    0.000000]   4 base 0000E0000000 mask 3FFFF0000000 uncachable
2015-09-02T09:42:53.273425-06:00 linux kernel: [    0.000000]   5 base 0000C0000000 mask 3FFFE0000000 uncachable
2015-09-02T09:42:53.273426-06:00 linux kernel: [    0.000000]   6 base 000080000000 mask 3FFFC0000000 uncachable
2015-09-02T09:42:53.273426-06:00 linux kernel: [    0.000000]   7 base 380000000000 mask 3F8000000000 uncachable
2015-09-02T09:42:53.273429-06:00 linux kernel: [    0.000000]   8 base 0000FF000000 mask 3FFFFF000000 uncachable
2015-09-02T09:42:53.273429-06:00 linux kernel: [    0.000000]   9 disabled
2015-09-02T09:42:53.273430-06:00 linux kernel: [    0.000000] x86 PAT enabled: cpu 0, old 0x7040600070406, new 0x7010600070106
2015-09-02T09:42:53.273430-06:00 linux kernel: [    0.000000] e820: last_pfn = 0x7b800 max_arch_pfn = 0x400000000
2015-09-02T09:42:53.273431-06:00 linux kernel: [    0.000000] Scanning 1 areas for low memory corruption
2015-09-02T09:42:53.273431-06:00 linux kernel: [    0.000000] Base memory trampoline at [ffff880000097000] 97000 size 24576
2015-09-02T09:42:53.273432-06:00 linux kernel: [    0.000000] Using GB pages for direct mapping
2015-09-02T09:42:53.273435-06:00 linux kernel: [    0.000000] init_memory_mapping: [mem 0x00000000-0x000fffff]
2015-09-02T09:42:53.273435-06:00 linux kernel: [    0.000000]  [mem 0x00000000-0x000fffff] page 4k
2015-09-02T09:42:53.273436-06:00 linux kernel: [    0.000000] BRK [0x02196000, 0x02196fff] PGTABLE
2015-09-02T09:42:53.273436-06:00 linux kernel: [    0.000000] BRK [0x02197000, 0x02197fff] PGTABLE
2015-09-02T09:42:53.273436-06:00 linux kernel: [    0.000000] BRK [0x02198000, 0x02198fff] PGTABLE
2015-09-02T09:42:53.273437-06:00 linux kernel: [    0.000000] init_memory_mapping: [mem 0x2a7fe00000-0x2a7fffffff]
2015-09-02T09:42:53.273437-06:00 linux kernel: [    0.000000]  [mem 0x2a7fe00000-0x2a7fffffff] page 1G
2015-09-02T09:42:53.273440-06:00 linux kernel: [    0.000000] init_memory_mapping: [mem 0x2a7c000000-0x2a7fdfffff]
2015-09-02T09:42:53.273440-06:00 linux kernel: [    0.000000]  [mem 0x2a7c000000-0x2a7fdfffff] page 1G
2015-09-02T09:42:53.273441-06:00 linux kernel: [    0.000000] init_memory_mapping: [mem 0x2a00000000-0x2a7bffffff]
2015-09-02T09:42:53.273441-06:00 linux kernel: [    0.000000]  [mem 0x2a00000000-0x2a7bffffff] page 1G
2015-09-02T09:42:53.273442-06:00 linux kernel: [    0.000000] init_memory_mapping: [mem 0x2000000000-0x29ffffffff]
2015-09-02T09:42:53.273443-06:00 linux kernel: [    0.000000]  [mem 0x2000000000-0x29ffffffff] page 1G
2015-09-02T09:42:53.273445-06:00 linux kernel: [    0.000000] init_memory_mapping: [mem 0x00100000-0x56162fff]
2015-09-02T09:42:53.273446-06:00 linux kernel: [    0.000000]  [mem 0x00100000-0x001fffff] page 4k
2015-09-02T09:42:53.273446-06:00 linux kernel: [    0.000000]  [mem 0x00200000-0x55ffffff] page 2M
2015-09-02T09:42:53.273447-06:00 linux kernel: [    0.000000]  [mem 0x56000000-0x56162fff] page 4k
2015-09-02T09:42:53.273447-06:00 linux kernel: [    0.000000] init_memory_mapping: [mem 0x5e16b000-0x5f66afff]
2015-09-02T09:42:53.273448-06:00 linux kernel: [    0.000000]  [mem 0x5e16b000-0x5e1fffff] page 4k
2015-09-02T09:42:53.273448-06:00 linux kernel: [    0.000000]  [mem 0x5e200000-0x5f5fffff] page 2M
2015-09-02T09:42:53.273451-06:00 linux kernel: [    0.000000]  [mem 0x5f600000-0x5f66afff] page 4k
2015-09-02T09:42:53.273451-06:00 linux kernel: [    0.000000] BRK [0x02199000, 0x02199fff] PGTABLE
2015-09-02T09:42:53.273452-06:00 linux kernel: [    0.000000] BRK [0x0219a000, 0x0219afff] PGTABLE
2015-09-02T09:42:53.273452-06:00 linux kernel: [    0.000000] init_memory_mapping: [mem 0x5f67a000-0x6483ffff]
2015-09-02T09:42:53.273453-06:00 linux kernel: [    0.000000]  [mem 0x5f67a000-0x5f7fffff] page 4k
2015-09-02T09:42:53.273453-06:00 linux kernel: [    0.000000]  [mem 0x5f800000-0x647fffff] page 2M
2015-09-02T09:42:53.273454-06:00 linux kernel: [    0.000000]  [mem 0x64800000-0x6483ffff] page 4k
2015-09-02T09:42:53.273456-06:00 linux kernel: [    0.000000] BRK [0x0219b000, 0x0219bfff] PGTABLE
2015-09-02T09:42:53.273457-06:00 linux kernel: [    0.000000] init_memory_mapping: [mem 0x748c1000-0x76b6efff]
2015-09-02T09:42:53.273458-06:00 linux kernel: [    0.000000]  [mem 0x748c1000-0x749fffff] page 4k
2015-09-02T09:42:53.273458-06:00 linux kernel: [    0.000000]  [mem 0x74a00000-0x769fffff] page 2M
2015-09-02T09:42:53.273459-06:00 linux kernel: [    0.000000]  [mem 0x76a00000-0x76b6efff] page 4k
2015-09-02T09:42:53.273459-06:00 linux kernel: [    0.000000] init_memory_mapping: [mem 0x76ba1000-0x77ba3fff]
2015-09-02T09:42:53.273460-06:00 linux kernel: [    0.000000]  [mem 0x76ba1000-0x76bfffff] page 4k
2015-09-02T09:42:53.273462-06:00 linux kernel: [    0.000000]  [mem 0x76c00000-0x779fffff] page 2M
2015-09-02T09:42:53.273463-06:00 linux kernel: [    0.000000]  [mem 0x77a00000-0x77ba3fff] page 4k
2015-09-02T09:42:53.273463-06:00 linux kernel: [    0.000000] init_memory_mapping: [mem 0x7b791000-0x7b7fffff]
2015-09-02T09:42:53.273506-06:00 linux kernel: [    0.000000]  [mem 0x7b791000-0x7b7fffff] page 4k
2015-09-02T09:42:53.273506-06:00 linux kernel: [    0.000000] init_memory_mapping: [mem 0x100000000-0x1fffffffff]
2015-09-02T09:42:53.273507-06:00 linux kernel: [    0.000000]  [mem 0x100000000-0x1fffffffff] page 1G
2015-09-02T09:42:53.273510-06:00 linux kernel: [    0.000000] NMI ring buffer size: 262144 bytes
2015-09-02T09:42:53.273511-06:00 linux kernel: [    0.000000] RAMDISK: [mem 0x3d101000-0x3dd50fff]
2015-09-02T09:42:53.273511-06:00 linux kernel: [    0.000000] ACPI: RSDP 0x000000007B790014 00024 (v02 IBM   )
2015-09-02T09:42:53.273512-06:00 linux kernel: [    0.000000] ACPI: XSDT 0x000000007B78F188 00104 (v01 IBM    SYSTEM_X 00000000      01000013)
2015-09-02T09:42:53.273512-06:00 linux kernel: [    0.000000] ACPI: FACP 0x000000007B78B000 000F4 (v04 IBM    SYSTEM_X 00000000 MSFT 20091019)
2015-09-02T09:42:53.273513-06:00 linux kernel: [    0.000000] ACPI: DSDT 0x000000007B75D000 25CD4 (v02 IBM    SYSTEM_X 00000003 MSFT 20091015)
2015-09-02T09:42:53.273514-06:00 linux kernel: [    0.000000] ACPI: FACS 0x000000007B3E7000 00040
2015-09-02T09:42:53.273516-06:00 linux kernel: [    0.000000] ACPI: TCPA 0x000000007B78E000 00064 (v02 INTEL  EDK2     00000002      01000013)
2015-09-02T09:42:53.273517-06:00 linux kernel: [    0.000000] ACPI: SSDT 0x000000007B78D000 003A2 (v01 INTEL  TcgTable 00001000 INTL 20130328)
2015-09-02T09:42:53.273517-06:00 linux kernel: [    0.000000] ACPI: UEFI 0x000000007B3DF000 00042 (v01 INTEL  EDK2     00000002      01000013)
2015-09-02T09:42:53.273518-06:00 linux kernel: [    0.000000] ACPI: BDAT 0x000000007B78C000 00030 (v01 IBM    SYSTEM_X 00000000 MSFT 20091013)
2015-09-02T09:42:53.273518-06:00 linux kernel: [    0.000000] ACPI: HPET 0x000000007B78A000 00038 (v01 IBM    SYSTEM_X 00000001 MSFT 20091017)
2015-09-02T09:42:53.273519-06:00 linux kernel: [    0.000000] ACPI: APIC 0x000000007B789000 001EA (v03 IBM    SYSTEM_X 00000000 MSFT 20091014)
2015-09-02T09:42:53.273520-06:00 linux kernel: [    0.000000] ACPI: MCFG 0x000000007B788000 0003C (v01 IBM    SYSTEM_X 00000001 MSFT 20091013)
2015-09-02T09:42:53.273522-06:00 linux kernel: [    0.000000] ACPI: MSCT 0x000000007B787000 00090 (v01 IBM    SYSTEM_X 00000001 MSFT 20091013)
2015-09-02T09:42:53.273523-06:00 linux kernel: [    0.000000] ACPI: PMCT 0x000000007B786000 00064 (v01 IBM    SYSTEM_X 00000000 MSFT 20091013)
2015-09-02T09:42:53.273524-06:00 linux kernel: [    0.000000] ACPI: SLIT 0x000000007B785000 0006C (v01 IBM    SYSTEM_X 00000001 MSFT 20091020)
2015-09-02T09:42:53.273524-06:00 linux kernel: [    0.000000] ACPI: SRAT 0x000000007B784000 003D0 (v03 IBM    SYSTEM_X 00000001 MSFT 2009101A)
2015-09-02T09:42:53.273524-06:00 linux kernel: [    0.000000] ACPI: WDDT 0x000000007B783000 00040 (v01 IBM    SYSTEM_X 00000000 MSFT 20091013)
2015-09-02T09:42:53.273525-06:00 linux kernel: [    0.000000] ACPI: OEM0 0x000000007B75C000 00470 (v03        XSECSRAT 00000100 MSFT 20091022)
2015-09-02T09:42:53.273525-06:00 linux kernel: [    0.000000] ACPI: OEM1 0x000000007B75B000 00030 (v01        IBMERROR 00000003 MSFT 20091013)
2015-09-02T09:42:53.273530-06:00 linux kernel: [    0.000000] ACPI: SLIC 0x000000007B75A000 00176 (v01 IBM    SYSTEM_X 00000000 MSFT 2009101F)
2015-09-02T09:42:53.273531-06:00 linux kernel: [    0.000000] ACPI: SSDT 0x000000007B759000 00961 (v02 IBM    CPUSCOPE 00004000 INTL 20091016)
2015-09-02T09:42:53.273532-06:00 linux kernel: [    0.000000] ACPI: SSDT 0x000000007B751000 07DF4 (v02 IBM    PSTATEPM 00004000 INTL 20091016)
2015-09-02T09:42:53.273532-06:00 linux kernel: [    0.000000] ACPI: SSDT 0x000000007B74F000 016F2 (v02 IBM    CPUCSTAT 00004000 INTL 20091016)
2015-09-02T09:42:53.273533-06:00 linux kernel: [    0.000000] ACPI: SSDT 0x000000007B74D000 016F1 (v02 IBM    SpsNm    00000001 INTL 01000016)
2015-09-02T09:42:53.273533-06:00 linux kernel: [    0.000000] ACPI: SSDT 0x000000007B74C000 00064 (v02 INTEL  SpsNvs   00000002 INTL 20130328)
2015-09-02T09:42:53.273536-06:00 linux kernel: [    0.000000] ACPI: PRAD 0x000000007B74B000 00102 (v02 INTEL  SpsPrAgg 00000002 INTL 20130328)
2015-09-02T09:42:53.273537-06:00 linux kernel: [    0.000000] ACPI: SPCR 0x000000007B74A000 00050 (v01                 00000000      00000000)
2015-09-02T09:42:53.273537-06:00 linux kernel: [    0.000000] ACPI: DMAR 0x000000007B749000 00108 (v01 IBM    SYSTEM_X 00000001 MSFT 20091021)
2015-09-02T09:42:53.273537-06:00 linux kernel: [    0.000000] ACPI: HEST 0x000000007B748000 00230 (v01 INTEL           00000001 INTL 00000001)
2015-09-02T09:42:53.273538-06:00 linux kernel: [    0.000000] ACPI: BERT 0x000000007B747000 00030 (v01 INTEL           00000001 INTL 00000001)
2015-09-02T09:42:53.273538-06:00 linux kernel: [    0.000000] ACPI: ERST 0x000000007B746000 00230 (v01 INTEL           00000001 INTL 00000001)
2015-09-02T09:42:53.273539-06:00 linux kernel: [    0.000000] ACPI: EINJ 0x000000007B745000 00150 (v01 INTEL           00000001 INTL 00000001)
2015-09-02T09:42:53.273541-06:00 linux kernel: [    0.000000] ACPI: Local APIC address 0xfee00000
2015-09-02T09:42:53.273542-06:00 linux kernel: [    0.000000] system APIC only can use physical flat
2015-09-02T09:42:53.273542-06:00 linux kernel: [    0.000000] Setting APIC routing to physical flat.
2015-09-02T09:42:53.273543-06:00 linux kernel: [    0.000000] SRAT: PXM 0 -> APIC 0x00 -> Node 0
2015-09-02T09:42:53.273543-06:00 linux kernel: [    0.000000] SRAT: PXM 0 -> APIC 0x02 -> Node 0
2015-09-02T09:42:53.273544-06:00 linux kernel: [    0.000000] SRAT: PXM 0 -> APIC 0x04 -> Node 0
2015-09-02T09:42:53.273544-06:00 linux kernel: [    0.000000] SRAT: PXM 0 -> APIC 0x06 -> Node 0
2015-09-02T09:42:53.273554-06:00 linux kernel: [    0.000000] SRAT: PXM 0 -> APIC 0x08 -> Node 0
2015-09-02T09:42:53.273555-06:00 linux kernel: [    0.000000] SRAT: PXM 0 -> APIC 0x0a -> Node 0
2015-09-02T09:42:53.273555-06:00 linux kernel: [    0.000000] SRAT: PXM 0 -> APIC 0x10 -> Node 0
2015-09-02T09:42:53.273556-06:00 linux kernel: [    0.000000] SRAT: PXM 0 -> APIC 0x12 -> Node 0
2015-09-02T09:42:53.273556-06:00 linux kernel: [    0.000000] SRAT: PXM 0 -> APIC 0x14 -> Node 0
2015-09-02T09:42:53.273556-06:00 linux kernel: [    0.000000] SRAT: PXM 0 -> APIC 0x16 -> Node 0
2015-09-02T09:42:53.273571-06:00 linux kernel: [    0.000000] SRAT: PXM 0 -> APIC 0x18 -> Node 0
2015-09-02T09:42:53.273571-06:00 linux kernel: [    0.000000] SRAT: PXM 0 -> APIC 0x1a -> Node 0
2015-09-02T09:42:53.273572-06:00 linux kernel: [    0.000000] SRAT: PXM 1 -> APIC 0x20 -> Node 1
2015-09-02T09:42:53.273572-06:00 linux kernel: [    0.000000] SRAT: PXM 1 -> APIC 0x22 -> Node 1
2015-09-02T09:42:53.273573-06:00 linux kernel: [    0.000000] SRAT: PXM 1 -> APIC 0x24 -> Node 1
2015-09-02T09:42:53.273573-06:00 linux kernel: [    0.000000] SRAT: PXM 1 -> APIC 0x26 -> Node 1
2015-09-02T09:42:53.273573-06:00 linux kernel: [    0.000000] SRAT: PXM 1 -> APIC 0x28 -> Node 1
2015-09-02T09:42:53.273576-06:00 linux kernel: [    0.000000] SRAT: PXM 1 -> APIC 0x2a -> Node 1
2015-09-02T09:42:53.273577-06:00 linux kernel: [    0.000000] SRAT: PXM 1 -> APIC 0x30 -> Node 1
2015-09-02T09:42:53.273577-06:00 linux kernel: [    0.000000] SRAT: PXM 1 -> APIC 0x32 -> Node 1
2015-09-02T09:42:53.273577-06:00 linux kernel: [    0.000000] SRAT: PXM 1 -> APIC 0x34 -> Node 1
2015-09-02T09:42:53.273578-06:00 linux kernel: [    0.000000] SRAT: PXM 1 -> APIC 0x36 -> Node 1
2015-09-02T09:42:53.273578-06:00 linux kernel: [    0.000000] SRAT: PXM 1 -> APIC 0x38 -> Node 1
2015-09-02T09:42:53.273579-06:00 linux kernel: [    0.000000] SRAT: PXM 1 -> APIC 0x3a -> Node 1
2015-09-02T09:42:53.273582-06:00 linux kernel: [    0.000000] SRAT: PXM 0 -> APIC 0x01 -> Node 0
2015-09-02T09:42:53.273582-06:00 linux kernel: [    0.000000] SRAT: PXM 0 -> APIC 0x03 -> Node 0
2015-09-02T09:42:53.273582-06:00 linux kernel: [    0.000000] SRAT: PXM 0 -> APIC 0x05 -> Node 0
2015-09-02T09:42:53.273583-06:00 linux kernel: [    0.000000] SRAT: PXM 0 -> APIC 0x07 -> Node 0
2015-09-02T09:42:53.273583-06:00 linux kernel: [    0.000000] SRAT: PXM 0 -> APIC 0x09 -> Node 0
2015-09-02T09:42:53.273584-06:00 linux kernel: [    0.000000] SRAT: PXM 0 -> APIC 0x0b -> Node 0
2015-09-02T09:42:53.273584-06:00 linux kernel: [    0.000000] SRAT: PXM 0 -> APIC 0x11 -> Node 0
2015-09-02T09:42:53.273587-06:00 linux kernel: [    0.000000] SRAT: PXM 0 -> APIC 0x13 -> Node 0
2015-09-02T09:42:53.273587-06:00 linux kernel: [    0.000000] SRAT: PXM 0 -> APIC 0x15 -> Node 0
2015-09-02T09:42:53.273587-06:00 linux kernel: [    0.000000] SRAT: PXM 0 -> APIC 0x17 -> Node 0
2015-09-02T09:42:53.273588-06:00 linux kernel: [    0.000000] SRAT: PXM 0 -> APIC 0x19 -> Node 0
2015-09-02T09:42:53.273588-06:00 linux kernel: [    0.000000] SRAT: PXM 0 -> APIC 0x1b -> Node 0
2015-09-02T09:42:53.273589-06:00 linux kernel: [    0.000000] SRAT: PXM 1 -> APIC 0x21 -> Node 1
2015-09-02T09:42:53.273591-06:00 linux kernel: [    0.000000] SRAT: PXM 1 -> APIC 0x23 -> Node 1
2015-09-02T09:42:53.273591-06:00 linux kernel: [    0.000000] SRAT: PXM 1 -> APIC 0x25 -> Node 1
2015-09-02T09:42:53.273592-06:00 linux kernel: [    0.000000] SRAT: PXM 1 -> APIC 0x27 -> Node 1
2015-09-02T09:42:53.273592-06:00 linux kernel: [    0.000000] SRAT: PXM 1 -> APIC 0x29 -> Node 1
2015-09-02T09:42:53.273593-06:00 linux kernel: [    0.000000] SRAT: PXM 1 -> APIC 0x2b -> Node 1
2015-09-02T09:42:53.273593-06:00 linux kernel: [    0.000000] SRAT: PXM 1 -> APIC 0x31 -> Node 1
2015-09-02T09:42:53.273593-06:00 linux kernel: [    0.000000] SRAT: PXM 1 -> APIC 0x33 -> Node 1
2015-09-02T09:42:53.273596-06:00 linux kernel: [    0.000000] SRAT: PXM 1 -> APIC 0x35 -> Node 1
2015-09-02T09:42:53.273597-06:00 linux kernel: [    0.000000] SRAT: PXM 1 -> APIC 0x37 -> Node 1
2015-09-02T09:42:53.273597-06:00 linux kernel: [    0.000000] SRAT: PXM 1 -> APIC 0x39 -> Node 1
2015-09-02T09:42:53.273597-06:00 linux kernel: [    0.000000] SRAT: PXM 1 -> APIC 0x3b -> Node 1
2015-09-02T09:42:53.273598-06:00 linux kernel: [    0.000000] SRAT: Node 0 PXM 0 [mem 0x00000000-0x7fffffff]
2015-09-02T09:42:53.273598-06:00 linux kernel: [    0.000000] SRAT: Node 0 PXM 0 [mem 0x100000000-0xc7fffffff]
2015-09-02T09:42:53.273599-06:00 linux kernel: [    0.000000] SRAT: Node 0 PXM 0 [mem 0xc80000000-0x127fffffff]
2015-09-02T09:42:53.273601-06:00 linux kernel: [    0.000000] SRAT: Node 1 PXM 1 [mem 0x1280000000-0x2a7fffffff]
2015-09-02T09:42:53.273602-06:00 linux kernel: [    0.000000] NUMA: Initialized distance table, cnt=2
2015-09-02T09:42:53.273602-06:00 linux kernel: [    0.000000] NUMA: Node 0 [mem 0x00000000-0x7fffffff] + [mem 0x100000000-0xc7fffffff] -> [mem 0x00000000-0xc7fffffff]
2015-09-02T09:42:53.273603-06:00 linux kernel: [    0.000000] NUMA: Node 0 [mem 0x00000000-0xc7fffffff] + [mem 0xc80000000-0x127fffffff] -> [mem 0x00000000-0x127fffffff]
2015-09-02T09:42:53.273603-06:00 linux kernel: [    0.000000] Initmem setup node 0 [mem 0x00000000-0x127fffffff]
2015-09-02T09:42:53.273604-06:00 linux kernel: [    0.000000]   NODE_DATA [mem 0x127ffda000-0x127fffffff]
2015-09-02T09:42:53.273607-06:00 linux kernel: [    0.000000] Initmem setup node 1 [mem 0x1280000000-0x2a7fffffff]
2015-09-02T09:42:53.273607-06:00 linux kernel: [    0.000000]   NODE_DATA [mem 0x2a7ff93000-0x2a7ffb8fff]
2015-09-02T09:42:53.273607-06:00 linux kernel: [    0.000000] Reserving 126MB of memory at 768MB for crashkernel (System RAM: 171514MB)
2015-09-02T09:42:53.273608-06:00 linux kernel: [    0.000000]  [ffffea0000000000-ffffea0040bfffff] PMD -> [ffff881238000000-ffff881276ffffff] on node 0
2015-09-02T09:42:53.273608-06:00 linux kernel: [    0.000000]  [ffffea0040c00000-ffffea0094bfffff] PMD -> [ffff882a1f600000-ffff882a735fffff] on node 1
2015-09-02T09:42:53.273609-06:00 linux kernel: [    0.000000] Zone ranges:
2015-09-02T09:42:53.273610-06:00 linux kernel: [    0.000000]   DMA      [mem 0x00001000-0x00ffffff]
2015-09-02T09:42:53.273612-06:00 linux kernel: [    0.000000]   DMA32    [mem 0x01000000-0xffffffff]
2015-09-02T09:42:53.273613-06:00 linux kernel: [    0.000000]   Normal   [mem 0x100000000-0x2a7fffffff]
2015-09-02T09:42:53.273613-06:00 linux kernel: [    0.000000] Movable zone start for each node
2015-09-02T09:42:53.273614-06:00 linux kernel: [    0.000000] Early memory node ranges
2015-09-02T09:42:53.273614-06:00 linux kernel: [    0.000000]   node   0: [mem 0x00001000-0x0009ffff]
2015-09-02T09:42:53.273614-06:00 linux kernel: [    0.000000]   node   0: [mem 0x00100000-0x56162fff]
2015-09-02T09:42:53.273617-06:00 linux kernel: [    0.000000]   node   0: [mem 0x5e16b000-0x5f66afff]
2015-09-02T09:42:53.273618-06:00 linux kernel: [    0.000000]   node   0: [mem 0x5f67a000-0x6483ffff]
2015-09-02T09:42:53.273618-06:00 linux kernel: [    0.000000]   node   0: [mem 0x748c1000-0x76b6efff]
2015-09-02T09:42:53.273618-06:00 linux kernel: [    0.000000]   node   0: [mem 0x76ba1000-0x77ba3fff]
2015-09-02T09:42:53.273619-06:00 linux kernel: [    0.000000]   node   0: [mem 0x7b791000-0x7b7fffff]
2015-09-02T09:42:53.273619-06:00 linux kernel: [    0.000000]   node   0: [mem 0x100000000-0x127fffffff]
2015-09-02T09:42:53.273620-06:00 linux kernel: [    0.000000]   node   1: [mem 0x1280000000-0x2a7fffffff]
2015-09-02T09:42:53.273677-06:00 linux kernel: [    0.000000] On node 0 totalpages: 18741992
2015-09-02T09:42:53.273678-06:00 linux kernel: [    0.000000]   DMA zone: 56 pages used for memmap
2015-09-02T09:42:53.273679-06:00 linux kernel: [    0.000000]   DMA zone: 2072 pages reserved
2015-09-02T09:42:53.273679-06:00 linux kernel: [    0.000000]   DMA zone: 3999 pages, LIFO batch:0
2015-09-02T09:42:53.273679-06:00 linux kernel: [    0.000000]   DMA32 zone: 5304 pages used for memmap
2015-09-02T09:42:53.273680-06:00 linux kernel: [    0.000000]   DMA32 zone: 387913 pages, LIFO batch:31
2015-09-02T09:42:53.273680-06:00 linux kernel: [    0.000000]   Normal zone: 250880 pages used for memmap
2015-09-02T09:42:53.273683-06:00 linux kernel: [    0.000000]   Normal zone: 18350080 pages, LIFO batch:31
2015-09-02T09:42:53.273683-06:00 linux kernel: [    0.000000] On node 1 totalpages: 25165824
2015-09-02T09:42:53.273684-06:00 linux kernel: [    0.000000]   Normal zone: 344064 pages used for memmap
2015-09-02T09:42:53.273684-06:00 linux kernel: [    0.000000]   Normal zone: 25165824 pages, LIFO batch:31
2015-09-02T09:42:53.273685-06:00 linux kernel: [    0.000000] tboot: non-0 tboot_addr but it is not of type E820_RESERVED
2015-09-02T09:42:53.273685-06:00 linux kernel: [    0.000000] ACPI: PM-Timer IO Port: 0x408
2015-09-02T09:42:53.273688-06:00 linux kernel: [    0.000000] ACPI: Local APIC address 0xfee00000
2015-09-02T09:42:53.273688-06:00 linux kernel: [    0.000000] system APIC only can use physical flat
2015-09-02T09:42:53.273689-06:00 linux kernel: [    0.000000] ACPI: LAPIC (acpi_id[0x00] lapic_id[0x00] enabled)
2015-09-02T09:42:53.273689-06:00 linux kernel: [    0.000000] ACPI: LAPIC (acpi_id[0x02] lapic_id[0x02] enabled)
2015-09-02T09:42:53.273690-06:00 linux kernel: [    0.000000] ACPI: LAPIC (acpi_id[0x04] lapic_id[0x04] enabled)
2015-09-02T09:42:53.273690-06:00 linux kernel: [    0.000000] ACPI: LAPIC (acpi_id[0x06] lapic_id[0x06] enabled)
